
== Rtl8710c IoT Platform ==
Chip VID: 5, Ver: 5
ROM Version: v3.0

== Boot Loader ==
Aug 30 2024:04:28:03

Boot Loader <==

== RAM Start ==
Build @ 15:33:51, May 22 2026
[MISC Err]Pin 1[6] is conflicted
[MISC Err]It's configured as SPIC-Flash/SDIO now.
[MISC Err]Pin 1[7] is conflicted
[MISC Err]It's configured as SPIC-Flash/SDIO now.
[MISC Err]Pin 1[8] is conflicted
[MISC Err]It's configured as SPIC-Flash/SDIO now.
[MISC Err]Pin 1[10] is conflicted
[MISC Err]It's configured as SPIC-Flash/SDIO now.
[MISC Err]Pin 1[11] is conflicted
[MISC Err]It's configured as SPIC-Flash/SDIO now.
[MISC Err]Pin 1[12] is conflicted
[MISC Err]It's configured as SPIC-Flash/SDIO now.

$8710c> enbale uart atcmd , atcmd version2 
sdio init enable  
sdio_tx tcp enable   
sdio_rx tcp enable  
gpio rx beacon frame disable  
fifo_init fifo size = 12288 

 wifi_rx_data_queue_init!!!!

 wifi_rx_data_queue_init  g_wifi_data_rx_xfers_idle_queue.count = 2 !!!!

 sdio_dev_test_init sd_rx_wait_rsp_en = 0
interface 0 is initialized
interface 1 is initialized

Initializing WIFI ...
CFO track disabled, High TP lib

WIFI initialized

init_thread(47), Available heap 0xee80
AT_UART_CONF: 115200,8,1,0,0


# [ATPN]: _AT_WLAN_CONNECT_

CFO track disabled, High TP lib

[Driver]: set ssid [triton] 
scan report rssi: -37 bssid: 9e:af:59:bf:8f:0b
scan report rssi: -37 bssid: 9e:af:59:bf:8f:0b
scan report rssi: -38 bssid: 9e:af:59:bf:8f:0b
scan report rssi: -37 bssid: 9e:af:59:bf:8f:0b
scan report rssi: -37 bssid: 9e:af:59:bf:8f:0b

[Driver]: start auth to 9e:af:59:bf:8f:0b

[Driver]: auth alg = 2

[Driver]: auth success, start assoc

[Driver]: association success(res=14)

[Driver]: set pairwise key to hw: alg:4(WEP40-1 WEP104-5 TKIP-2 AES-4)

[Driver]: set group key to hw: alg:4(WEP40-1 WEP104-5 TKIP-2 AES-4) keyid:1

Interface 0 IP address : 172.20.10.5

[MEM] After do cmd, available heap 84096


# 
[MEM] After do cmd, available heap 67488


# [ATTF] tcp listen on 5001
[sdio_rx_1pkt] alloc pbuf=0x1004f9e0 len=35 desc=24
[sdio_rx_done] #1 pkt=35 off=24 type=130 ppkt=0x1004f9e0
[sdio_rx_1pkt] alloc pbuf=0x100503e0 len=1460 desc=24
[sdio_rx_done] #2 pkt=1460 off=24 type=130 ppkt=0x100503e0
[sdio_rx_1pkt] alloc pbuf=0x1004f9e0 len=1460 desc=24
[sdio_rx_done] #3 pkt=1460 off=24 type=130 ppkt=0x1004f9e0
[sdio_rx_1pkt] alloc pbuf=0x1004f9e0 len=1460 desc=24
[sdio_rx_done] #4 pkt=1460 off=24 type=130 ppkt=0x1004f9e0
[sdio_rx_1pkt] alloc pbuf=0x1004f9e0 len=1460 desc=24
[sdio_rx_done] #5 pkt=1460 off=24 type=130 ppkt=0x1004f9e0
[sdio_rx_1pkt] alloc pbuf=0x1004f9e0 len=1460 desc=24
[sdio_rx_1pkt] alloc pbuf=0x1004f9e0 len=1460 desc=24
[sdio_rx_1pkt] alloc pbuf=0x1004f9e0 len=1460 desc=24
[sdio_rx_1pkt] alloc pbuf=0x1004f9e0 len=1460 desc=24
[sdio_rx_1pkt] alloc pbuf=0x1004f9e0 len=1460 desc=24
[sdio_rx_1pkt] alloc pbuf=0x1004f9e0 len=1460 desc=24
[sdio_rx_1pkt] alloc pbuf=0x1004f9e0 len=1460 desc=24
[sdio_rx_1pkt] alloc pbuf=0x1004f9e0 len=1460 desc=24
[sdio_rx_1pkt] alloc pbuf=0x1004f9e0 len=1460 desc=24
[sdio_rx_1pkt] alloc pbuf=0x1004f9e0 len=1460 desc=24
[sdio_rx_1pkt] alloc pbuf=0x1004f9e0 len=1460 desc=24
[sdio_rx_1pkt] alloc pbuf=0x1004f9e0 len=1460 desc=24
[sdio_rx_1pkt] alloc pbuf=0x1004f9e0 len=1460 desc=24
[sdio_rx_1pkt] alloc pbuf=0x1004f9e0 len=1460 desc=24
[sdio_rx_1pkt] alloc pbuf=0x1004f9e0 len=1460 desc=24
[sdio_rx_1pkt] alloc pbuf=0x1004f9e0 len=1460 desc=24
[sdio_rx_1pkt] alloc pbuf=0x1004f9e0 len=1460 desc=24
[sdio_rx_1pkt] alloc pbuf=0x1004f9e0 len=1460 desc=24
[sdio_rx_1pkt] alloc pbuf=0x1004f9e0 len=1460 desc=24
[sdio_rx_1pkt] alloc pbuf=0x1004f9e0 len=1460 desc=24
[sdio_rx_1pkt] alloc pbuf=0x1004f9e0 len=1460 desc=24
[sdio_rx_1pkt] alloc pbuf=0x1004f9e0 len=1460 desc=24
[sdio_rx_1pkt] alloc pbuf=0x1004fa20 len=1460 desc=24
[sdio_rx_1pkt] alloc pbuf=0x1004fa20 len=1460 desc=24
[sdio_rx_1pkt] alloc pbuf=0x1004fa20 len=1460 desc=24
[sdio_rx_1pkt] alloc pbuf=0x1004fa20 len=1460 desc=24
[sdio_rx_1pkt] alloc pbuf=0x1004fa20 len=1460 desc=24
[sdio_rx_1pkt] alloc pbuf=0x1004fa20 len=1460 desc=24
[sdio_rx_1pkt] alloc pbuf=0x1004fa20 len=1460 desc=24
[sdio_rx_1pkt] alloc pbuf=0x1004fa20 len=1460 desc=24
[sdio_rx_1pkt] alloc pbuf=0x1004fa20 len=1460 desc=24
[sdio_rx_1pkt] alloc pbuf=0x1004fa20 len=1460 desc=24
[sdio_rx_1pkt] alloc pbuf=0x1004fa20 len=1460 desc=24
[sdio_rx_1pkt] alloc pbuf=0x1004fa20 len=1460 desc=24
[sdio_rx_1pkt] alloc pbuf=0x1004fa20 len=1460 desc=24
[sdio_rx_1pkt] alloc pbuf=0x1004fa20 len=1460 desc=24
[sdio_rx_1pkt] alloc pbuf=0x1004fa20 len=1460 desc=24
[sdio_rx_1pkt] alloc pbuf=0x1004fa20 len=1460 desc=24
[sdio_rx_1pkt] alloc pbuf=0x1004fa20 len=1460 desc=24
[sdio_rx_1pkt] alloc pbuf=0x1004fa20 len=1460 desc=24
[sdio_rx_1pkt] alloc pbuf=0x1004fa20 len=1460 desc=24
[sdio_rx_1pkt] alloc pbuf=0x1004fa20 len=1460 desc=24
[sdio_rx_1pkt] alloc pbuf=0x1004fa20 len=1460 desc=24
[sdio_rx_1pkt] alloc pbuf=0x1004fa20 len=1460 desc=24
[sdio_rx_1pkt] alloc pbuf=0x1004fa20 len=1460 desc=24
[sdio_rx_done] #50 pkt=1460 off=24 type=130 ppkt=0x1004fa20
[sdio_rx_1pkt] alloc pbuf=0x1004fa20 len=1460 desc=24
[sdio_rx_1pkt] alloc pbuf=0x1004fa20 len=1460 desc=24
[sdio_rx_1pkt] alloc pbuf=0x1004fa20 len=1460 desc=24
[sdio_rx_1pkt] alloc pbuf=0x1004fa20 len=1460 desc=24
[sdio_rx_1pkt] alloc pbuf=0x1004fa20 len=1460 desc=24
[sdio_rx_1pkt] alloc pbuf=0x1004fa20 len=1460 desc=24
[sdio_rx_1pkt] alloc pbuf=0x1004fa20 len=1460 desc=24
[sdio_rx_1pkt] alloc pbuf=0x1004fa20 len=1460 desc=24
[sdio_rx_1pkt] alloc pbuf=0x1004fa20 len=1460 desc=24
[sdio_rx_1pkt] alloc pbuf=0x1004fa20 len=1460 desc=24
[sdio_rx_1pkt] alloc pbuf=0x1004fa20 len=1460 desc=24
[sdio_rx_1pkt] alloc pbuf=0x1004fa20 len=1460 desc=24
[sdio_rx_1pkt] alloc pbuf=0x10050a20 len=1460 desc=24
[sdio_rx_1pkt] alloc pbuf=0x10050a20 len=1460 desc=24
[sdio_rx_1pkt] alloc pbuf=0x1004fa20 len=1460 desc=24
[sdio_rx_1pkt] alloc pbuf=0x1004fa20 len=1460 desc=24
[sdio_rx_1pkt] alloc pbuf=0x1004fa20 len=1460 desc=24
[sdio_rx_1pkt] alloc pbuf=0x1004fa20 len=1460 desc=24
[sdio_rx_1pkt] alloc pbuf=0x1004fa20 len=1460 desc=24
[sdio_rx_1pkt] alloc pbuf=0x1004fa20 len=1460 desc=24
[sdio_rx_1pkt] alloc pbuf=0x1004fa20 len=1460 desc=24
[sdio_rx_1pkt] alloc pbuf=0x1004fa20 len=1460 desc=24
[sdio_rx_1pkt] alloc pbuf=0x1004fa20 len=1460 desc=24
[sdio_rx_1pkt] alloc pbuf=0x1004fa20 len=1460 desc=24
[sdio_rx_1pkt] alloc pbuf=0x1004fa20 len=1460 desc=24
[sdio_rx_1pkt] alloc pbuf=0x1004fa20 len=1460 desc=24
[sdio_rx_1pkt] alloc pbuf=0x1004fa20 len=1460 desc=24
[sdio_rx_1pkt] alloc pbuf=0x1004fa20 len=1460 desc=24
[sdio_rx_1pkt] alloc pbuf=0x1004fa20 len=1460 desc=24
[sdio_rx_1pkt] alloc pbuf=0x1004fa20 len=1460 desc=24
[sdio_rx_1pkt] alloc pbuf=0x1004fa20 len=1460 desc=24
[sdio_rx_1pkt] alloc pbuf=0x10050a20 len=1460 desc=24
[sdio_rx_1pkt] alloc pbuf=0x1004fa20 len=1460 desc=24
[sdio_rx_1pkt] alloc pbuf=0x1004fa20 len=1460 desc=24
[sdio_rx_1pkt] alloc pbuf=0x1004fa20 len=1460 desc=24
[sdio_rx_1pkt] alloc pbuf=0x1004fa20 len=1460 desc=24
[sdio_rx_1pkt] alloc pbuf=0x1004fa20 len=1460 desc=24
[sdio_rx_1pkt] alloc pbuf=0x1004fa20 len=1460 desc=24
[sdio_rx_1pkt] alloc pbuf=0x1004fa20 len=1460 desc=24
[sdio_rx_1pkt] alloc pbuf=0x1004fa20 len=1460 desc=24
[sdio_rx_1pkt] alloc pbuf=0x1004fa20 len=1460 desc=24
[sdio_rx_1pkt] alloc pbuf=0x1004fa20 len=1460 desc=24
[sdio_rx_1pkt] alloc pbuf=0x1004fa20 len=1460 desc=24
[sdio_rx_1pkt] alloc pbuf=0x1004fa20 len=1460 desc=24
[sdio_rx_1pkt] alloc pbuf=0x1004fa20 len=1460 desc=24
[sdio_rx_1pkt] alloc pbuf=0x1004fa20 len=1460 desc=24
[sdio_rx_1pkt] alloc pbuf=0x1004fa20 len=1460 desc=24
[sdio_rx_1pkt] alloc pbuf=0x1004fa20 len=1460 desc=24
[sdio_rx_1pkt] alloc pbuf=0x1004fa20 len=1460 desc=24
[sdio_rx_1pkt] alloc pbuf=0x1004fa20 len=1460 desc=24
[sdio_rx_done] #100 pkt=1460 off=24 type=130 ppkt=0x1004fa20
[sdio_rx_1pkt] alloc pbuf=0x1004fa20 len=1460 desc=24
[sdio_rx_1pkt] alloc pbuf=0x1004fa20 len=1460 desc=24
[sdio_rx_1pkt] alloc pbuf=0x1004fa20 len=1460 desc=24
[sdio_rx_1pkt] alloc pbuf=0x1004fa20 len=1460 desc=24
[sdio_rx_1pkt] alloc pbuf=0x1004fa20 len=1460 desc=24
[sdio_rx_1pkt] alloc pbuf=0x1004fa20 len=1460 desc=24
[sdio_rx_1pkt] alloc pbuf=0x1004fa20 len=1460 desc=24
[sdio_rx_1pkt] alloc pbuf=0x1004fa20 len=1460 desc=24
[sdio_rx_1pkt] alloc pbuf=0x1004fa20 len=1460 desc=24
[sdio_rx_1pkt] alloc pbuf=0x1004fa20 len=1460 desc=24
[sdio_rx_1pkt] alloc pbuf=0x1004fa20 len=1460 desc=24
[sdio_rx_1pkt] alloc pbuf=0x1004fa20 len=1460 desc=24
[sdio_rx_1pkt] alloc pbuf=0x1004fa20 len=1460 desc=24
[sdio_rx_1pkt] alloc pbuf=0x1004fa20 len=1460 desc=24
[sdio_rx_1pkt] alloc pbuf=0x1004fa20 len=1460 desc=24
[sdio_rx_1pkt] alloc pbuf=0x1004fa20 len=1460 desc=24
[sdio_rx_1pkt] alloc pbuf=0x1004fa20 len=1460 desc=24
[sdio_rx_1pkt] alloc pbuf=0x1004fa20 len=1460 desc=24
[sdio_rx_1pkt] alloc pbuf=0x10050a20 len=1460 desc=24
[sdio_rx_1pkt] alloc pbuf=0x10050a20 len=1460 desc=24
[sdio_rx_1pkt] alloc pbuf=0x1004fa20 len=1460 desc=24
[sdio_rx_1pkt] alloc pbuf=0x1004fa20 len=1460 desc=24
[sdio_rx_1pkt] alloc pbuf=0x1004fa20 len=1460 desc=24
[sdio_rx_1pkt] alloc pbuf=0x1004fa20 len=1460 desc=24
[sdio_rx_1pkt] alloc pbuf=0x10051060 len=1460 desc=24
[sdio_rx_1pkt] alloc pbuf=0x1004fa20 len=1460 desc=24
[sdio_rx_1pkt] alloc pbuf=0x1004fa20 len=1460 desc=24
[sdio_rx_1pkt] alloc pbuf=0x1004fa20 len=1460 desc=24
[sdio_rx_1pkt] alloc pbuf=0x1004fa20 len=1460 desc=24
[sdio_rx_1pkt] alloc pbuf=0x1004fa20 len=1460 desc=24
[sdio_rx_1pkt] alloc pbuf=0x1004fa20 len=1460 desc=24
[sdio_rx_1pkt] alloc pbuf=0x1004fa20 len=1460 desc=24
[sdio_rx_1pkt] alloc pbuf=0x1004fa20 len=1460 desc=24
[sdio_rx_1pkt] alloc pbuf=0x1004fa20 len=1460 desc=24
[sdio_rx_1pkt] alloc pbuf=0x1004fa20 len=1460 desc=24
[sdio_rx_1pkt] alloc pbuf=0x1004fa20 len=1460 desc=24
[sdio_rx_1pkt] alloc pbuf=0x1004fa20 len=1460 desc=24
[sdio_rx_1pkt] alloc pbuf=0x1004fa20 len=1460 desc=24
[sdio_rx_1pkt] alloc pbuf=0x1004fa20 len=1460 desc=24
[sdio_rx_1pkt] alloc pbuf=0x1004fa20 len=1460 desc=24
[sdio_rx_1pkt] alloc pbuf=0x1004fa20 len=1460 desc=24
[sdio_rx_1pkt] alloc pbuf=0x1004fa20 len=1460 desc=24
[sdio_rx_1pkt] alloc pbuf=0x1004fa20 len=1460 desc=24
[sdio_rx_1pkt] alloc pbuf=0x1004fa20 len=1460 desc=24
[sdio_rx_1pkt] alloc pbuf=0x1004fa20 len=1460 desc=24
[sdio_rx_1pkt] alloc pbuf=0x1004fa20 len=1460 desc=24
[sdio_rx_1pkt] alloc pbuf=0x1004fa20 len=1460 desc=24
[sdio_rx_1pkt] alloc pbuf=0x1004fa20 len=1460 desc=24
[sdio_rx_1pkt] alloc pbuf=0x1004fa20 len=1460 desc=24
[sdio_rx_1pkt] alloc pbuf=0x1004fa20 len=1460 desc=24
[sdio_rx_done] #150 pkt=1460 off=24 type=130 ppkt=0x1004fa20
[sdio_rx_1pkt] alloc pbuf=0x100503e0 len=1460 desc=24
[sdio_rx_1pkt] alloc pbuf=0x100503e0 len=1460 desc=24
[sdio_rx_1pkt] alloc pbuf=0x100503e0 len=1460 desc=24
[sdio_rx_1pkt] alloc pbuf=0x1004fa20 len=1460 desc=24
[sdio_rx_1pkt] alloc pbuf=0x1004fa20 len=1460 desc=24
[sdio_rx_1pkt] alloc pbuf=0x1004fa20 len=1460 desc=24
[sdio_rx_1pkt] alloc pbuf=0x1004fa20 len=1460 desc=24
[sdio_rx_1pkt] alloc pbuf=0x1004fa20 len=1460 desc=24
[sdio_rx_1pkt] alloc pbuf=0x1004fa20 len=1460 desc=24
[sdio_rx_1pkt] alloc pbuf=0x1004fa20 len=1460 desc=24
[sdio_rx_1pkt] alloc pbuf=0x1004fa20 len=1460 desc=24
[sdio_rx_1pkt] alloc pbuf=0x1004fa20 len=1460 desc=24
[sdio_rx_1pkt] alloc pbuf=0x1004fa20 len=1460 desc=24
[sdio_rx_1pkt] alloc pbuf=0x1004fa20 len=1460 desc=24
[sdio_rx_1pkt] alloc pbuf=0x1004fa20 len=1460 desc=24
[sdio_rx_1pkt] alloc pbuf=0x1004fa20 len=1460 desc=24
[sdio_rx_1pkt] alloc pbuf=0x1004fa20 len=1460 desc=24
[sdio_rx_1pkt] alloc pbuf=0x1004fa20 len=1460 desc=24
[sdio_rx_1pkt] alloc pbuf=0x1004fa20 len=1460 desc=24
[sdio_rx_1pkt] alloc pbuf=0x1004fa20 len=1460 desc=24
[sdio_rx_1pkt] alloc pbuf=0x1004fa20 len=1460 desc=24
[sdio_rx_1pkt] alloc pbuf=0x1004f9e0 len=1460 desc=24
[sdio_rx_1pkt] alloc pbuf=0x1004f9e0 len=1460 desc=24
[sdio_rx_1pkt] alloc pbuf=0x1004f9e0 len=1460 desc=24
[sdio_rx_1pkt] alloc pbuf=0x1004f9e0 len=1460 desc=24
[sdio_rx_1pkt] alloc pbuf=0x1004f9e0 len=1460 desc=24
[sdio_rx_1pkt] alloc pbuf=0x1004f9e0 len=1460 desc=24
[sdio_rx_1pkt] alloc pbuf=0x1004f9e0 len=1460 desc=24
[sdio_rx_1pkt] alloc pbuf=0x1004f9e0 len=1460 desc=24
[sdio_rx_1pkt] alloc pbuf=0x1004f9e0 len=1460 desc=24
[sdio_rx_1pkt] alloc pbuf=0x1004f9e0 len=1460 desc=24
[sdio_rx_1pkt] alloc pbuf=0x1004f9e0 len=1460 desc=24
[sdio_rx_1pkt] alloc pbuf=0x1004f9e0 len=1460 desc=24
[sdio_rx_1pkt] alloc pbuf=0x1004f9e0 len=1460 desc=24
[sdio_rx_1pkt] alloc pbuf=0x1004f9e0 len=1460 desc=24
[sdio_rx_1pkt] alloc pbuf=0x1004f9e0 len=1460 desc=24
[sdio_rx_1pkt] alloc pbuf=0x1004f9e0 len=1460 desc=24
[sdio_rx_1pkt] alloc pbuf=0x1004f9e0 len=1460 desc=24
[sdio_rx_1pkt] alloc pbuf=0x1004f9e0 len=1460 desc=24
[sdio_rx_1pkt] alloc pbuf=0x1004f9e0 len=1460 desc=24
[sdio_rx_1pkt] alloc pbuf=0x1004f9e0 len=1460 desc=24
[sdio_rx_1pkt] alloc pbuf=0x1004f9e0 len=1460 desc=24
[sdio_rx_1pkt] alloc pbuf=0x1004f9e0 len=1460 desc=24
[sdio_rx_1pkt] alloc pbuf=0x1004f9e0 len=1460 desc=24
[sdio_rx_1pkt] alloc pbuf=0x1004f9e0 len=1460 desc=24
[sdio_rx_1pkt] alloc pbuf=0x1004f9e0 len=1460 desc=24
[sdio_rx_1pkt] alloc pbuf=0x1004f9e0 len=1460 desc=24
[sdio_rx_1pkt] alloc pbuf=0x10050a20 len=1460 desc=24
[sdio_rx_1pkt] alloc pbuf=0x1004f9e0 len=1460 desc=24
[sdio_rx_1pkt] alloc pbuf=0x1004f9e0 len=1460 desc=24
[sdio_rx_done] #200 pkt=1460 off=24 type=130 ppkt=0x1004f9e0
[sdio_rx_1pkt] alloc pbuf=0x1004f9e0 len=1460 desc=24
[sdio_rx_1pkt] alloc pbuf=0x100503e0 len=1460 desc=24
[sdio_rx_1pkt] alloc pbuf=0x100503e0 len=1460 desc=24
[sdio_rx_1pkt] alloc pbuf=0x100503e0 len=1460 desc=24
[sdio_rx_1pkt] alloc pbuf=0x1004f9e0 len=1460 desc=24
[sdio_rx_1pkt] alloc pbuf=0x1004f9e0 len=1460 desc=24
[sdio_rx_1pkt] alloc pbuf=0x1004f9e0 len=1460 desc=24
[sdio_rx_1pkt] alloc pbuf=0x1004f9e0 len=1460 desc=24
[sdio_rx_1pkt] alloc pbuf=0x1004f9e0 len=1460 desc=24
[sdio_rx_1pkt] alloc pbuf=0x1004f9e0 len=1460 desc=24
[sdio_rx_1pkt] alloc pbuf=0x1004f9e0 len=1460 desc=24
[sdio_rx_1pkt] alloc pbuf=0x1004f9e0 len=1460 desc=24
[sdio_rx_1pkt] alloc pbuf=0x1004f9e0 len=1460 desc=24
[sdio_rx_1pkt] alloc pbuf=0x1004f9e0 len=1460 desc=24
[sdio_rx_1pkt] alloc pbuf=0x1004f9e0 len=1460 desc=24
[sdio_rx_1pkt] alloc pbuf=0x1004f9e0 len=1460 desc=24
[sdio_rx_1pkt] alloc pbuf=0x1004f9e0 len=1460 desc=24
[sdio_rx_1pkt] alloc pbuf=0x1004f9e0 len=1460 desc=24
[sdio_rx_1pkt] alloc pbuf=0x1004f9e0 len=1460 desc=24
[sdio_rx_1pkt] alloc pbuf=0x1004f9e0 len=1460 desc=24
[sdio_rx_1pkt] alloc pbuf=0x1004f9e0 len=1460 desc=24
[sdio_rx_1pkt] alloc pbuf=0x1004f9e0 len=1460 desc=24
[sdio_rx_1pkt] alloc pbuf=0x1004f9e0 len=1460 desc=24
[sdio_rx_1pkt] alloc pbuf=0x1004f9e0 len=1460 desc=24
[sdio_rx_1pkt] alloc pbuf=0x1004f9e0 len=1460 desc=24
[sdio_rx_1pkt] alloc pbuf=0x1004f9e0 len=1460 desc=24
[sdio_rx_1pkt] alloc pbuf=0x1004f9e0 len=1460 desc=24
[sdio_rx_1pkt] alloc pbuf=0x1004f9e0 len=1460 desc=24
[sdio_rx_1pkt] alloc pbuf=0x1004f9e0 len=1460 desc=24
[sdio_rx_1pkt] alloc pbuf=0x1004f9e0 len=1460 desc=24
[sdio_rx_1pkt] alloc pbuf=0x1004f9e0 len=1460 desc=24
[sdio_rx_1pkt] alloc pbuf=0x1004f9e0 len=1460 desc=24
[sdio_rx_1pkt] alloc pbuf=0x1004f9e0 len=1460 desc=24
[sdio_rx_1pkt] alloc pbuf=0x1004f9e0 len=1460 desc=24
[sdio_rx_1pkt] alloc pbuf=0x1004f9e0 len=1460 desc=24
[sdio_rx_1pkt] alloc pbuf=0x1004f9e0 len=1460 desc=24
[sdio_rx_1pkt] alloc pbuf=0x1004f9e0 len=1460 desc=24
[sdio_rx_1pkt] alloc pbuf=0x1004f9e0 len=1460 desc=24
[sdio_rx_1pkt] alloc pbuf=0x1004f9e0 len=1460 desc=24
[sdio_rx_1pkt] alloc pbuf=0x1004f9e0 len=1460 desc=24
[sdio_rx_1pkt] alloc pbuf=0x1004f9e0 len=1460 desc=24
[sdio_rx_1pkt] alloc pbuf=0x1004f9e0 len=1460 desc=24
[sdio_rx_1pkt] alloc pbuf=0x1004f9e0 len=1460 desc=24
[sdio_rx_1pkt] alloc pbuf=0x1004f9e0 len=1460 desc=24
[sdio_rx_1pkt] alloc pbuf=0x1004f9e0 len=1460 desc=24
[sdio_rx_1pkt] alloc pbuf=0x1004f9e0 len=1460 desc=24
[sdio_rx_1pkt] alloc pbuf=0x1004f9e0 len=1460 desc=24
[sdio_rx_1pkt] alloc pbuf=0x1004f9e0 len=1460 desc=24
[sdio_rx_1pkt] alloc pbuf=0x1004f9e0 len=1460 desc=24
[sdio_rx_1pkt] alloc pbuf=0x1004f9e0 len=1460 desc=24
[sdio_rx_done] #250 pkt=1460 off=24 type=130 ppkt=0x1004f9e0
[sdio_rx_1pkt] alloc pbuf=0x1004f9e0 len=1460 desc=24
[sdio_rx_1pkt] alloc pbuf=0x1004f9e0 len=1460 desc=24
[sdio_rx_1pkt] alloc pbuf=0x1004f9e0 len=1460 desc=24
[sdio_rx_1pkt] alloc pbuf=0x1004f9e0 len=1460 desc=24
[sdio_rx_1pkt] alloc pbuf=0x1004f9e0 len=1460 desc=24
[sdio_rx_1pkt] alloc pbuf=0x1004f9e0 len=1460 desc=24
[sdio_rx_1pkt] alloc pbuf=0x1004f9e0 len=1460 desc=24
[sdio_rx_1pkt] alloc pbuf=0x1004f9e0 len=1460 desc=24
[sdio_rx_1pkt] alloc pbuf=0x1004f9e0 len=1460 desc=24
[sdio_rx_1pkt] alloc pbuf=0x1004f9e0 len=1460 desc=24
[sdio_rx_1pkt] alloc pbuf=0x1004f9e0 len=1460 desc=24
[sdio_rx_1pkt] alloc pbuf=0x1004f9e0 len=1460 desc=24
[sdio_rx_1pkt] alloc pbuf=0x1004f9e0 len=1460 desc=24
[sdio_rx_1pkt] alloc pbuf=0x1004f9e0 len=1460 desc=24
[sdio_rx_1pkt] alloc pbuf=0x1004f9e0 len=1460 desc=24
[sdio_rx_1pkt] alloc pbuf=0x1004f9e0 len=1460 desc=24
[sdio_rx_1pkt] alloc pbuf=0x1004f9e0 len=1460 desc=24
[sdio_rx_1pkt] alloc pbuf=0x1004f9e0 len=1460 desc=24
[sdio_rx_1pkt] alloc pbuf=0x1004f9e0 len=1460 desc=24
[sdio_rx_1pkt] alloc pbuf=0x1004f9e0 len=1460 desc=24
[sdio_rx_1pkt] alloc pbuf=0x1004f9e0 len=1460 desc=24
[sdio_rx_1pkt] alloc pbuf=0x1004f9e0 len=1460 desc=24
[sdio_rx_1pkt] alloc pbuf=0x1004f9e0 len=1460 desc=24
[sdio_rx_1pkt] alloc pbuf=0x1004f9e0 len=1460 desc=24
[sdio_rx_1pkt] alloc pbuf=0x1004f9e0 len=1460 desc=24
[sdio_rx_1pkt] alloc pbuf=0x1004f9e0 len=1460 desc=24
[sdio_rx_1pkt] alloc pbuf=0x1004f9e0 len=1460 desc=24
[sdio_rx_1pkt] alloc pbuf=0x1004f9e0 len=1460 desc=24
[sdio_rx_1pkt] alloc pbuf=0x1004f9e0 len=1460 desc=24
[sdio_rx_1pkt] alloc pbuf=0x1004f9e0 len=1460 desc=24
[sdio_rx_1pkt] alloc pbuf=0x1004f9e0 len=1460 desc=24
[sdio_rx_1pkt] alloc pbuf=0x1004f9e0 len=1460 desc=24
[sdio_rx_1pkt] alloc pbuf=0x1004f9e0 len=1460 desc=24
[sdio_rx_1pkt] alloc pbuf=0x1004f9e0 len=1460 desc=24
[sdio_rx_1pkt] alloc pbuf=0x1004f9e0 len=1460 desc=24
[sdio_rx_1pkt] alloc pbuf=0x1004f9e0 len=1460 desc=24
[sdio_rx_1pkt] alloc pbuf=0x1004f9e0 len=1460 desc=24
[sdio_rx_1pkt] alloc pbuf=0x1004f9e0 len=1460 desc=24
[sdio_rx_1pkt] alloc pbuf=0x1004f9e0 len=1460 desc=24
[sdio_rx_1pkt] alloc pbuf=0x1004f9e0 len=1460 desc=24
[sdio_rx_1pkt] alloc pbuf=0x1004f9e0 len=1460 desc=24
[sdio_rx_1pkt] alloc pbuf=0x1004f9e0 len=1460 desc=24
[sdio_rx_1pkt] alloc pbuf=0x1004f9e0 len=1460 desc=24
[sdio_rx_1pkt] alloc pbuf=0x1004f9e0 len=1460 desc=24
[sdio_rx_1pkt] alloc pbuf=0x1004f9e0 len=1460 desc=24
[sdio_rx_1pkt] alloc pbuf=0x1004f9e0 len=1460 desc=24
[sdio_rx_1pkt] alloc pbuf=0x1004f9e0 len=1460 desc=24
[sdio_rx_1pkt] alloc pbuf=0x1004f9e0 len=1460 desc=24
[sdio_rx_1pkt] alloc pbuf=0x1004f9e0 len=1460 desc=24
[sdio_rx_1pkt] alloc pbuf=0x1004f9e0 len=1460 desc=24
[sdio_rx_done] #300 pkt=1460 off=24 type=130 ppkt=0x1004f9e0
[sdio_rx_1pkt] alloc pbuf=0x1004f9e0 len=1460 desc=24
[sdio_rx_1pkt] alloc pbuf=0x1004f9e0 len=1460 desc=24
[sdio_rx_1pkt] alloc pbuf=0x1004f9e0 len=1460 desc=24
[sdio_rx_1pkt] alloc pbuf=0x1004f9e0 len=1460 desc=24
[sdio_rx_1pkt] alloc pbuf=0x1004f9e0 len=1460 desc=24
[sdio_rx_1pkt] alloc pbuf=0x1004f9e0 len=1460 desc=24
[sdio_rx_1pkt] alloc pbuf=0x1004f9e0 len=1460 desc=24
[sdio_rx_1pkt] alloc pbuf=0x1004f9e0 len=1460 desc=24
[sdio_rx_1pkt] alloc pbuf=0x1004f9e0 len=1460 desc=24
[sdio_rx_1pkt] alloc pbuf=0x1004f9e0 len=1460 desc=24
[sdio_rx_1pkt] alloc pbuf=0x1004f9e0 len=1460 desc=24
[sdio_rx_1pkt] alloc pbuf=0x1004f9e0 len=1460 desc=24
[sdio_rx_1pkt] alloc pbuf=0x1004f9e0 len=1460 desc=24
[sdio_rx_1pkt] alloc pbuf=0x1004f9e0 len=1460 desc=24
[sdio_rx_1pkt] alloc pbuf=0x1004f9e0 len=1460 desc=24
[sdio_rx_1pkt] alloc pbuf=0x1004f9e0 len=1460 desc=24
[sdio_rx_1pkt] alloc pbuf=0x1004f9e0 len=1460 desc=24
[sdio_rx_1pkt] alloc pbuf=0x1004f9e0 len=1460 desc=24
[sdio_rx_1pkt] alloc pbuf=0x1004f9e0 len=1460 desc=24
[sdio_rx_1pkt] alloc pbuf=0x1004f9e0 len=1460 desc=24
[sdio_rx_1pkt] alloc pbuf=0x100503e0 len=1460 desc=24
[sdio_rx_1pkt] alloc pbuf=0x100503e0 len=1460 desc=24
[sdio_rx_1pkt] alloc pbuf=0x100503e0 len=1460 desc=24
[sdio_rx_1pkt] alloc pbuf=0x100503e0 len=1460 desc=24
[sdio_rx_1pkt] alloc pbuf=0x1004fa20 len=1460 desc=24
[sdio_rx_1pkt] alloc pbuf=0x1004fa20 len=1460 desc=24
[sdio_rx_1pkt] alloc pbuf=0x1004fa20 len=1460 desc=24
[sdio_rx_1pkt] alloc pbuf=0x1004fa20 len=1460 desc=24
[sdio_rx_1pkt] alloc pbuf=0x1004fa20 len=1460 desc=24
[sdio_rx_1pkt] alloc pbuf=0x1004fa20 len=1460 desc=24
[sdio_rx_1pkt] alloc pbuf=0x1004fa20 len=1460 desc=24
[sdio_rx_1pkt] alloc pbuf=0x1004fa20 len=1460 desc=24
[sdio_rx_1pkt] alloc pbuf=0x1004fa20 len=1460 desc=24
[sdio_rx_1pkt] alloc pbuf=0x1004fa20 len=1460 desc=24
[sdio_rx_1pkt] alloc pbuf=0x1004fa20 len=1460 desc=24
[sdio_rx_1pkt] alloc pbuf=0x1004fa20 len=1460 desc=24
[sdio_rx_1pkt] alloc pbuf=0x1004fa20 len=1460 desc=24
[sdio_rx_1pkt] alloc pbuf=0x1004fa20 len=1460 desc=24
[sdio_rx_1pkt] alloc pbuf=0x1004fa20 len=1460 desc=24
[sdio_rx_1pkt] alloc pbuf=0x1004fa20 len=1460 desc=24
[sdio_rx_1pkt] alloc pbuf=0x1004fa20 len=1460 desc=24
[sdio_rx_1pkt] alloc pbuf=0x1004fa20 len=1460 desc=24
[sdio_rx_1pkt] alloc pbuf=0x1004fa20 len=1460 desc=24
[sdio_rx_1pkt] alloc pbuf=0x1004fa20 len=1460 desc=24
[sdio_rx_1pkt] alloc pbuf=0x1004fa20 len=1460 desc=24
[sdio_rx_1pkt] alloc pbuf=0x1004fa20 len=1460 desc=24
[sdio_rx_1pkt] alloc pbuf=0x1004fa20 len=1460 desc=24
[sdio_rx_1pkt] alloc pbuf=0x1004fa20 len=1460 desc=24
[sdio_rx_1pkt] alloc pbuf=0x1004fa20 len=1460 desc=24
[sdio_rx_1pkt] alloc pbuf=0x1004fa20 len=1460 desc=24
[sdio_rx_done] #350 pkt=1460 off=24 type=130 ppkt=0x1004fa20
[sdio_rx_1pkt] alloc pbuf=0x1004fa20 len=1460 desc=24
[sdio_rx_1pkt] alloc pbuf=0x1004fa20 len=1460 desc=24
[sdio_rx_1pkt] alloc pbuf=0x1004fa20 len=1460 desc=24
[sdio_rx_1pkt] alloc pbuf=0x1004fa20 len=1460 desc=24
[sdio_rx_1pkt] alloc pbuf=0x1004fa20 len=1460 desc=24
[sdio_rx_1pkt] alloc pbuf=0x1004fa20 len=1460 desc=24
[sdio_rx_1pkt] alloc pbuf=0x1004fa20 len=1460 desc=24
[sdio_rx_1pkt] alloc pbuf=0x1004fa20 len=1460 desc=24
[sdio_rx_1pkt] alloc pbuf=0x1004fa20 len=1460 desc=24
[sdio_rx_1pkt] alloc pbuf=0x1004fa20 len=1460 desc=24
[sdio_rx_1pkt] alloc pbuf=0x1004fa20 len=1460 desc=24
[sdio_rx_1pkt] alloc pbuf=0x1004fa20 len=1460 desc=24
[sdio_rx_1pkt] alloc pbuf=0x1004fa20 len=1460 desc=24
[sdio_rx_1pkt] alloc pbuf=0x10050a20 len=1460 desc=24
[sdio_rx_1pkt] alloc pbuf=0x10050a20 len=1460 desc=24
[sdio_rx_1pkt] alloc pbuf=0x1004fa20 len=1460 desc=24
[sdio_rx_1pkt] alloc pbuf=0x1004fa20 len=1460 desc=24
[sdio_rx_1pkt] alloc pbuf=0x1004fa20 len=1460 desc=24
[sdio_rx_1pkt] alloc pbuf=0x1004fa20 len=1460 desc=24
[sdio_rx_1pkt] alloc pbuf=0x1004fa20 len=1460 desc=24
[sdio_rx_1pkt] alloc pbuf=0x1004fa20 len=1460 desc=24
[sdio_rx_1pkt] alloc pbuf=0x1004fa20 len=1460 desc=24
[sdio_rx_1pkt] alloc pbuf=0x1004fa20 len=1460 desc=24
[sdio_rx_1pkt] alloc pbuf=0x1004fa20 len=1460 desc=24
[sdio_rx_1pkt] alloc pbuf=0x10051060 len=1460 desc=24
[sdio_rx_1pkt] alloc pbuf=0x1004fa20 len=1460 desc=24
[sdio_rx_1pkt] alloc pbuf=0x1004fa20 len=1460 desc=24
[sdio_rx_1pkt] alloc pbuf=0x1004fa20 len=1460 desc=24
[sdio_rx_1pkt] alloc pbuf=0x1004fa20 len=1460 desc=24
[sdio_rx_1pkt] alloc pbuf=0x1004fa20 len=1460 desc=24
[sdio_rx_1pkt] alloc pbuf=0x1004fa20 len=1460 desc=24
[sdio_rx_1pkt] alloc pbuf=0x1004fa20 len=1460 desc=24
[sdio_rx_1pkt] alloc pbuf=0x1004fa20 len=1460 desc=24
[sdio_rx_1pkt] alloc pbuf=0x1004fa20 len=1460 desc=24
[sdio_rx_1pkt] alloc pbuf=0x1004fa20 len=1460 desc=24
[sdio_rx_1pkt] alloc pbuf=0x1004fa20 len=1460 desc=24
[sdio_rx_1pkt] alloc pbuf=0x1004fa20 len=1460 desc=24
[sdio_rx_1pkt] alloc pbuf=0x1004fa20 len=1460 desc=24
[sdio_rx_1pkt] alloc pbuf=0x1004fa20 len=1460 desc=24
[sdio_rx_1pkt] alloc pbuf=0x1004fa20 len=1460 desc=24
[sdio_rx_1pkt] alloc pbuf=0x1004fa20 len=1460 desc=24
[sdio_rx_1pkt] alloc pbuf=0x10050a20 len=1460 desc=24
[sdio_rx_1pkt] alloc pbuf=0x10050a20 len=1460 desc=24
[sdio_rx_1pkt] alloc pbuf=0x100503e0 len=1460 desc=24
[sdio_rx_1pkt] alloc pbuf=0x1004fa20 len=1460 desc=24
[sdio_rx_1pkt] alloc pbuf=0x1004fa20 len=1460 desc=24
[sdio_rx_1pkt] alloc pbuf=0x1004fa20 len=1460 desc=24
[sdio_rx_1pkt] alloc pbuf=0x1004fa20 len=1460 desc=24
[sdio_rx_1pkt] alloc pbuf=0x1004fa20 len=1460 desc=24
[sdio_rx_1pkt] alloc pbuf=0x1004fa20 len=1460 desc=24
[sdio_rx_done] #400 pkt=1460 off=24 type=130 ppkt=0x1004fa20
[sdio_rx_1pkt] alloc pbuf=0x1004fa20 len=820 desc=24
[ATTF] tcp file=test.bin bytes=583360 crc=3f772e1b ms=3100
[sdio_rx_1pkt] alloc pbuf=0x1004fa20 len=35 desc=24
[sdio_rx_1pkt] alloc pbuf=0x10050460 len=1460 desc=24
[sdio_rx_1pkt] alloc pbuf=0x1004fa20 len=1460 desc=24
[sdio_rx_1pkt] alloc pbuf=0x1004fa20 len=1460 desc=24
[sdio_rx_1pkt] alloc pbuf=0x1004fa20 len=1460 desc=24
[sdio_rx_1pkt] alloc pbuf=0x1004fa20 len=1460 desc=24
[sdio_rx_1pkt] alloc pbuf=0x10050460 len=1460 desc=24
[sdio_rx_1pkt] alloc pbuf=0x10050460 len=1460 desc=24
[sdio_rx_1pkt] alloc pbuf=0x10050460 len=1460 desc=24
[sdio_rx_1pkt] alloc pbuf=0x1004fa20 len=1460 desc=24
[sdio_rx_1pkt] alloc pbuf=0x1004fa20 len=1460 desc=24
[sdio_rx_1pkt] alloc pbuf=0x1004fa20 len=1460 desc=24
[sdio_rx_1pkt] alloc pbuf=0x1004fa20 len=1460 desc=24
[sdio_rx_1pkt] alloc pbuf=0x1004fa20 len=1460 desc=24
[sdio_rx_1pkt] alloc pbuf=0x1004fa20 len=1460 desc=24
[sdio_rx_1pkt] alloc pbuf=0x1004fa20 len=1460 desc=24
[sdio_rx_1pkt] alloc pbuf=0x1004fa20 len=1460 desc=24
[sdio_rx_1pkt] alloc pbuf=0x1004fa20 len=1460 desc=24
[sdio_rx_1pkt] alloc pbuf=0x1004fa20 len=1460 desc=24
[sdio_rx_1pkt] alloc pbuf=0x1004fa20 len=1460 desc=24
[sdio_rx_1pkt] alloc pbuf=0x1004fa20 len=1460 desc=24
[sdio_rx_1pkt] alloc pbuf=0x1004fa20 len=1460 desc=24
[sdio_rx_1pkt] alloc pbuf=0x1004fa20 len=1460 desc=24
[sdio_rx_1pkt] alloc pbuf=0x1004fa20 len=1460 desc=24
[sdio_rx_1pkt] alloc pbuf=0x1004fa20 len=1460 desc=24
[sdio_rx_1pkt] alloc pbuf=0x1004fa20 len=1460 desc=24
[sdio_rx_1pkt] alloc pbuf=0x1004fa20 len=1460 desc=24
[sdio_rx_1pkt] alloc pbuf=0x1004fa20 len=1460 desc=24
[sdio_rx_1pkt] alloc pbuf=0x10050aa0 len=1460 desc=24
[sdio_rx_1pkt] alloc pbuf=0x10050aa0 len=1460 desc=24
[sdio_rx_1pkt] alloc pbuf=0x10050aa0 len=1460 desc=24
[sdio_rx_1pkt] alloc pbuf=0x1004fa20 len=1460 desc=24
[sdio_rx_1pkt] alloc pbuf=0x1004fa20 len=1460 desc=24
[sdio_rx_1pkt] alloc pbuf=0x1004fa20 len=1460 desc=24
[sdio_rx_1pkt] alloc pbuf=0x1004fa20 len=1460 desc=24
[sdio_rx_1pkt] alloc pbuf=0x1004fa20 len=1460 desc=24
[sdio_rx_1pkt] alloc pbuf=0x1004fa20 len=1460 desc=24
[sdio_rx_1pkt] alloc pbuf=0x1004fa20 len=1460 desc=24
[sdio_rx_1pkt] alloc pbuf=0x1004fa20 len=1460 desc=24
[sdio_rx_1pkt] alloc pbuf=0x1004fa20 len=1460 desc=24
[sdio_rx_1pkt] alloc pbuf=0x10050aa0 len=1460 desc=24
[sdio_rx_1pkt] alloc pbuf=0x10050aa0 len=1460 desc=24
[sdio_rx_1pkt] alloc pbuf=0x1004fa20 len=1460 desc=24
[sdio_rx_1pkt] alloc pbuf=0x1004fa20 len=1460 desc=24
[sdio_rx_1pkt] alloc pbuf=0x1004fa20 len=1460 desc=24
[sdio_rx_1pkt] alloc pbuf=0x1004fa20 len=1460 desc=24
[sdio_rx_1pkt] alloc pbuf=0x1004fa20 len=1460 desc=24
[sdio_rx_1pkt] alloc pbuf=0x1004fa20 len=1460 desc=24
[sdio_rx_1pkt] alloc pbuf=0x1004fa20 len=1460 desc=24
[sdio_rx_done] #450 pkt=1460 off=24 type=130 ppkt=0x1004fa20
[sdio_rx_1pkt] alloc pbuf=0x1004fa20 len=1460 desc=24
[sdio_rx_1pkt] alloc pbuf=0x1004fa20 len=1460 desc=24
[sdio_rx_1pkt] alloc pbuf=0x1004fa20 len=1460 desc=24
[sdio_rx_1pkt] alloc pbuf=0x10050aa0 len=1460 desc=24
[sdio_rx_1pkt] alloc pbuf=0x10050aa0 len=1460 desc=24
[sdio_rx_1pkt] alloc pbuf=0x1004fa20 len=1460 desc=24
[sdio_rx_1pkt] alloc pbuf=0x1004fa20 len=1460 desc=24
[sdio_rx_1pkt] alloc pbuf=0x1004fa20 len=1460 desc=24
[sdio_rx_1pkt] alloc pbuf=0x1004fa20 len=1460 desc=24
[sdio_rx_1pkt] alloc pbuf=0x1004fa20 len=1460 desc=24
[sdio_rx_1pkt] alloc pbuf=0x1004fa20 len=1460 desc=24
[sdio_rx_1pkt] alloc pbuf=0x1004fa20 len=1460 desc=24
[sdio_rx_1pkt] alloc pbuf=0x1004fa20 len=1460 desc=24
[sdio_rx_1pkt] alloc pbuf=0x1004fa20 len=1460 desc=24
[sdio_rx_1pkt] alloc pbuf=0x1004fa20 len=1460 desc=24
[sdio_rx_1pkt] alloc pbuf=0x1004fa20 len=1460 desc=24
[sdio_rx_1pkt] alloc pbuf=0x10050aa0 len=1460 desc=24
[sdio_rx_1pkt] alloc pbuf=0x10050aa0 len=1460 desc=24
[sdio_rx_1pkt] alloc pbuf=0x10050aa0 len=1460 desc=24
[sdio_rx_1pkt] alloc pbuf=0x1004fa20 len=1460 desc=24
[sdio_rx_1pkt] alloc pbuf=0x1004fa20 len=1460 desc=24
[sdio_rx_1pkt] alloc pbuf=0x1004fa20 len=1460 desc=24
[sdio_rx_1pkt] alloc pbuf=0x1004fa20 len=1460 desc=24
[sdio_rx_1pkt] alloc pbuf=0x1004fa20 len=1460 desc=24
[sdio_rx_1pkt] alloc pbuf=0x1004fa20 len=1460 desc=24
[sdio_rx_1pkt] alloc pbuf=0x1004fa20 len=1460 desc=24
[sdio_rx_1pkt] alloc pbuf=0x1004fa20 len=1460 desc=24
[sdio_rx_1pkt] alloc pbuf=0x1004fa20 len=1460 desc=24
[sdio_rx_1pkt] alloc pbuf=0x1004fa20 len=1460 desc=24
[sdio_rx_1pkt] alloc pbuf=0x1004fa20 len=1460 desc=24
[sdio_rx_1pkt] alloc pbuf=0x1004fa20 len=1460 desc=24
[sdio_rx_1pkt] alloc pbuf=0x1004fa20 len=1460 desc=24
[sdio_rx_1pkt] alloc pbuf=0x1004fa20 len=1460 desc=24
[sdio_rx_1pkt] alloc pbuf=0x10050460 len=1460 desc=24
[sdio_rx_1pkt] alloc pbuf=0x10050460 len=1460 desc=24
[sdio_rx_1pkt] alloc pbuf=0x1004fa20 len=1460 desc=24
[sdio_rx_1pkt] alloc pbuf=0x1004fa20 len=1460 desc=24
[sdio_rx_1pkt] alloc pbuf=0x10050aa0 len=1460 desc=24
[sdio_rx_1pkt] alloc pbuf=0x1004fa20 len=1460 desc=24
[sdio_rx_1pkt] alloc pbuf=0x1004fa20 len=1460 desc=24
[sdio_rx_1pkt] alloc pbuf=0x1004fa20 len=1460 desc=24
[sdio_rx_1pkt] alloc pbuf=0x1004fa20 len=1460 desc=24
[sdio_rx_1pkt] alloc pbuf=0x1004fa20 len=1460 desc=24
[sdio_rx_1pkt] alloc pbuf=0x1004fa20 len=1460 desc=24
[sdio_rx_1pkt] alloc pbuf=0x1004fa20 len=1460 desc=24
[sdio_rx_1pkt] alloc pbuf=0x1004fa20 len=1460 desc=24
[sdio_rx_1pkt] alloc pbuf=0x1004fa20 len=1460 desc=24
[sdio_rx_1pkt] alloc pbuf=0x1004fa20 len=1460 desc=24
[sdio_rx_1pkt] alloc pbuf=0x1004fa20 len=1460 desc=24
[sdio_rx_1pkt] alloc pbuf=0x1004fa20 len=1460 desc=24
[sdio_rx_done] #500 pkt=1460 off=24 type=130 ppkt=0x1004fa20
[sdio_rx_1pkt] alloc pbuf=0x1004fa20 len=1460 desc=24
[sdio_rx_1pkt] alloc pbuf=0x1004fa20 len=1460 desc=24
[sdio_rx_1pkt] alloc pbuf=0x1004fa20 len=1460 desc=24
[sdio_rx_1pkt] alloc pbuf=0x1004fa20 len=1460 desc=24
[sdio_rx_1pkt] alloc pbuf=0x1004fa20 len=1460 desc=24
[sdio_rx_1pkt] alloc pbuf=0x1004fa20 len=1460 desc=24
[sdio_rx_1pkt] alloc pbuf=0x1004fa20 len=1460 desc=24
[sdio_rx_1pkt] alloc pbuf=0x1004fa20 len=1460 desc=24
[sdio_rx_1pkt] alloc pbuf=0x1004fa20 len=1460 desc=24
[sdio_rx_1pkt] alloc pbuf=0x1004fa20 len=1460 desc=24
[sdio_rx_1pkt] alloc pbuf=0x1004fa20 len=1460 desc=24
[sdio_rx_1pkt] alloc pbuf=0x1004fa20 len=1460 desc=24
[sdio_rx_1pkt] alloc pbuf=0x1004fa20 len=1460 desc=24
[sdio_rx_1pkt] alloc pbuf=0x1004fa20 len=1460 desc=24
[sdio_rx_1pkt] alloc pbuf=0x1004fa20 len=1460 desc=24
[sdio_rx_1pkt] alloc pbuf=0x1004fa20 len=1460 desc=24
[sdio_rx_1pkt] alloc pbuf=0x1004fa20 len=1460 desc=24
[sdio_rx_1pkt] alloc pbuf=0x1004fa20 len=1460 desc=24
[sdio_rx_1pkt] alloc pbuf=0x1004fa20 len=1460 desc=24
[sdio_rx_1pkt] alloc pbuf=0x1004fa20 len=1460 desc=24
[sdio_rx_1pkt] alloc pbuf=0x1004fa20 len=1460 desc=24
[sdio_rx_1pkt] alloc pbuf=0x1004fa20 len=1460 desc=24
[sdio_rx_1pkt] alloc pbuf=0x1004fa20 len=1460 desc=24
[sdio_rx_1pkt] alloc pbuf=0x1004fa20 len=1460 desc=24
[sdio_rx_1pkt] alloc pbuf=0x1004fa20 len=1460 desc=24
[sdio_rx_1pkt] alloc pbuf=0x1004fa20 len=1460 desc=24
[sdio_rx_1pkt] alloc pbuf=0x1004fa20 len=1460 desc=24
[sdio_rx_1pkt] alloc pbuf=0x1004fa20 len=1460 desc=24
[sdio_rx_1pkt] alloc pbuf=0x1004fa20 len=1460 desc=24
[sdio_rx_1pkt] alloc pbuf=0x1004fa20 len=1460 desc=24
[sdio_rx_1pkt] alloc pbuf=0x1004fa20 len=1460 desc=24
[sdio_rx_1pkt] alloc pbuf=0x1004fa20 len=1460 desc=24
[sdio_rx_1pkt] alloc pbuf=0x1004fa20 len=1460 desc=24
[sdio_rx_1pkt] alloc pbuf=0x1004fa20 len=1460 desc=24
[sdio_rx_1pkt] alloc pbuf=0x1004fa20 len=1460 desc=24
[sdio_rx_1pkt] alloc pbuf=0x1004fa20 len=1460 desc=24
[sdio_rx_1pkt] alloc pbuf=0x1004fa20 len=1460 desc=24
[sdio_rx_1pkt] alloc pbuf=0x1004fa20 len=1460 desc=24
[sdio_rx_1pkt] alloc pbuf=0x1004fa20 len=1460 desc=24
[sdio_rx_1pkt] alloc pbuf=0x1004fa20 len=1460 desc=24
[sdio_rx_1pkt] alloc pbuf=0x1004fa20 len=1460 desc=24
[sdio_rx_1pkt] alloc pbuf=0x1004fa20 len=1460 desc=24
[sdio_rx_1pkt] alloc pbuf=0x1004fa20 len=1460 desc=24
[sdio_rx_1pkt] alloc pbuf=0x1004fa20 len=1460 desc=24
[sdio_rx_1pkt] alloc pbuf=0x1004fa20 len=1460 desc=24
[sdio_rx_1pkt] alloc pbuf=0x1004fa20 len=1460 desc=24
[sdio_rx_1pkt] alloc pbuf=0x1004fa20 len=1460 desc=24
[sdio_rx_1pkt] alloc pbuf=0x1004fa20 len=1460 desc=24
[sdio_rx_1pkt] alloc pbuf=0x10050460 len=1460 desc=24
[sdio_rx_1pkt] alloc pbuf=0x1004fa20 len=1460 desc=24
[sdio_rx_done] #550 pkt=1460 off=24 type=130 ppkt=0x1004fa20
[sdio_rx_1pkt] alloc pbuf=0x1004fa20 len=1460 desc=24
[sdio_rx_1pkt] alloc pbuf=0x1004fa20 len=1460 desc=24
[sdio_rx_1pkt] alloc pbuf=0x1004fa20 len=1460 desc=24
[sdio_rx_1pkt] alloc pbuf=0x10050460 len=1460 desc=24
[sdio_rx_1pkt] alloc pbuf=0x1004fa20 len=1460 desc=24
[sdio_rx_1pkt] alloc pbuf=0x1004fa20 len=1460 desc=24
[sdio_rx_1pkt] alloc pbuf=0x1004fa20 len=1460 desc=24
[sdio_rx_1pkt] alloc pbuf=0x1004fa20 len=1460 desc=24
[sdio_rx_1pkt] alloc pbuf=0x1004fa20 len=1460 desc=24
[sdio_rx_1pkt] alloc pbuf=0x1004fa20 len=1460 desc=24
[sdio_rx_1pkt] alloc pbuf=0x1004fa20 len=1460 desc=24
[sdio_rx_1pkt] alloc pbuf=0x1004fa20 len=1460 desc=24
[sdio_rx_1pkt] alloc pbuf=0x100510e0 len=1460 desc=24
[sdio_rx_1pkt] alloc pbuf=0x10050460 len=1460 desc=24
[sdio_rx_1pkt] alloc pbuf=0x1004fa20 len=1460 desc=24
[sdio_rx_1pkt] alloc pbuf=0x1004fa20 len=1460 desc=24
[sdio_rx_1pkt] alloc pbuf=0x1004fa20 len=1460 desc=24
[sdio_rx_1pkt] alloc pbuf=0x1004fa20 len=1460 desc=24
[sdio_rx_1pkt] alloc pbuf=0x1004fa20 len=1460 desc=24
[sdio_rx_1pkt] alloc pbuf=0x1004fa20 len=1460 desc=24
[sdio_rx_1pkt] alloc pbuf=0x1004fa20 len=1460 desc=24
[sdio_rx_1pkt] alloc pbuf=0x1004fa20 len=1460 desc=24
[sdio_rx_1pkt] alloc pbuf=0x1004fa20 len=1460 desc=24
[sdio_rx_1pkt] alloc pbuf=0x1004fa20 len=1460 desc=24
[sdio_rx_1pkt] alloc pbuf=0x1004fa20 len=1460 desc=24
[sdio_rx_1pkt] alloc pbuf=0x1004fa20 len=1460 desc=24
[sdio_rx_1pkt] alloc pbuf=0x1004fa20 len=1460 desc=24
[sdio_rx_1pkt] alloc pbuf=0x1004fa20 len=1460 desc=24
[sdio_rx_1pkt] alloc pbuf=0x1004fa20 len=1460 desc=24
[sdio_rx_1pkt] alloc pbuf=0x1004fa20 len=1460 desc=24
[sdio_rx_1pkt] alloc pbuf=0x1004fa20 len=1460 desc=24
[sdio_rx_1pkt] alloc pbuf=0x1004fa20 len=1460 desc=24
[sdio_rx_1pkt] alloc pbuf=0x1004fa20 len=1460 desc=24
[sdio_rx_1pkt] alloc pbuf=0x1004fa20 len=1460 desc=24
[sdio_rx_1pkt] alloc pbuf=0x1004fa20 len=1460 desc=24
[sdio_rx_1pkt] alloc pbuf=0x1004fa20 len=1460 desc=24
[sdio_rx_1pkt] alloc pbuf=0x1004fa20 len=1460 desc=24
[sdio_rx_1pkt] alloc pbuf=0x1004fa20 len=1460 desc=24
[sdio_rx_1pkt] alloc pbuf=0x1004fa20 len=1460 desc=24
[sdio_rx_1pkt] alloc pbuf=0x1004fa20 len=1460 desc=24
[sdio_rx_1pkt] alloc pbuf=0x1004fa20 len=1460 desc=24
[sdio_rx_1pkt] alloc pbuf=0x1004fa20 len=1460 desc=24
[sdio_rx_1pkt] alloc pbuf=0x1004fa20 len=1460 desc=24
[sdio_rx_1pkt] alloc pbuf=0x1004fa20 len=1460 desc=24
[sdio_rx_1pkt] alloc pbuf=0x1004fa20 len=1460 desc=24
[sdio_rx_1pkt] alloc pbuf=0x1004fa20 len=1460 desc=24
[sdio_rx_1pkt] alloc pbuf=0x1004fa20 len=1460 desc=24
[sdio_rx_1pkt] alloc pbuf=0x1004fa20 len=1460 desc=24
[sdio_rx_1pkt] alloc pbuf=0x1004fa20 len=1460 desc=24
[sdio_rx_1pkt] alloc pbuf=0x1004fa20 len=1460 desc=24
[sdio_rx_done] #600 pkt=1460 off=24 type=130 ppkt=0x1004fa20
[sdio_rx_1pkt] alloc pbuf=0x1004fa20 len=1460 desc=24
[sdio_rx_1pkt] alloc pbuf=0x10050aa0 len=1460 desc=24
[sdio_rx_1pkt] alloc pbuf=0x1004fa20 len=1460 desc=24
[sdio_rx_1pkt] alloc pbuf=0x1004fa20 len=1460 desc=24
[sdio_rx_1pkt] alloc pbuf=0x1004fa20 len=1460 desc=24
[sdio_rx_1pkt] alloc pbuf=0x1004fa20 len=1460 desc=24
[sdio_rx_1pkt] alloc pbuf=0x1004fa20 len=1460 desc=24
[sdio_rx_1pkt] alloc pbuf=0x1004fa20 len=1460 desc=24
[sdio_rx_1pkt] alloc pbuf=0x1004fa20 len=1460 desc=24
[sdio_rx_1pkt] alloc pbuf=0x1004fa20 len=1460 desc=24
[sdio_rx_1pkt] alloc pbuf=0x1004fa20 len=1460 desc=24
[sdio_rx_1pkt] alloc pbuf=0x1004fa20 len=1460 desc=24
[sdio_rx_1pkt] alloc pbuf=0x1004fa20 len=1460 desc=24
[sdio_rx_1pkt] alloc pbuf=0x1004fa20 len=1460 desc=24
[sdio_rx_1pkt] alloc pbuf=0x1004fa20 len=1460 desc=24
[sdio_rx_1pkt] alloc pbuf=0x1004fa20 len=1460 desc=24
[sdio_rx_1pkt] alloc pbuf=0x10050460 len=1460 desc=24
[sdio_rx_1pkt] alloc pbuf=0x1004fa20 len=1460 desc=24
[sdio_rx_1pkt] alloc pbuf=0x1004fa20 len=1460 desc=24
[sdio_rx_1pkt] alloc pbuf=0x1004fa20 len=1460 desc=24
[sdio_rx_1pkt] alloc pbuf=0x1004fa20 len=1460 desc=24
[sdio_rx_1pkt] alloc pbuf=0x1004fa20 len=1460 desc=24
[sdio_rx_1pkt] alloc pbuf=0x1004fa20 len=1460 desc=24
[sdio_rx_1pkt] alloc pbuf=0x1004fa20 len=1460 desc=24
[sdio_rx_1pkt] alloc pbuf=0x1004fa20 len=1460 desc=24
[sdio_rx_1pkt] alloc pbuf=0x1004fa20 len=1460 desc=24
[sdio_rx_1pkt] alloc pbuf=0x1004fa20 len=1460 desc=24
[sdio_rx_1pkt] alloc pbuf=0x1004fa20 len=1460 desc=24
[sdio_rx_1pkt] alloc pbuf=0x1004fa20 len=1460 desc=24
[sdio_rx_1pkt] alloc pbuf=0x1004fa20 len=1460 desc=24
[sdio_rx_1pkt] alloc pbuf=0x1004fa20 len=1460 desc=24
[sdio_rx_1pkt] alloc pbuf=0x1004fa20 len=1460 desc=24
[sdio_rx_1pkt] alloc pbuf=0x10050460 len=1460 desc=24
[sdio_rx_1pkt] alloc pbuf=0x10050460 len=1460 desc=24
[sdio_rx_1pkt] alloc pbuf=0x10050460 len=1460 desc=24
[sdio_rx_1pkt] alloc pbuf=0x1004fa20 len=1460 desc=24
[sdio_rx_1pkt] alloc pbuf=0x1004fa20 len=1460 desc=24
[sdio_rx_1pkt] alloc pbuf=0x1004fa20 len=1460 desc=24
[sdio_rx_1pkt] alloc pbuf=0x1004fa20 len=1460 desc=24
[sdio_rx_1pkt] alloc pbuf=0x1004fa20 len=1460 desc=24
[sdio_rx_1pkt] alloc pbuf=0x1004fa20 len=1460 desc=24
[sdio_rx_1pkt] alloc pbuf=0x1004fa20 len=1460 desc=24
[sdio_rx_1pkt] alloc pbuf=0x1004fa20 len=1460 desc=24
[sdio_rx_1pkt] alloc pbuf=0x1004fa20 len=1460 desc=24
[sdio_rx_1pkt] alloc pbuf=0x100510e0 len=1460 desc=24
[sdio_rx_1pkt] alloc pbuf=0x1004fa20 len=1460 desc=24
[sdio_rx_1pkt] alloc pbuf=0x10050460 len=1460 desc=24
[sdio_rx_1pkt] alloc pbuf=0x10050460 len=1460 desc=24
[sdio_rx_1pkt] alloc pbuf=0x1004fa20 len=1460 desc=24
[sdio_rx_1pkt] alloc pbuf=0x1004fa20 len=1460 desc=24
[sdio_rx_done] #650 pkt=1460 off=24 type=130 ppkt=0x1004fa20
[sdio_rx_1pkt] alloc pbuf=0x10050aa0 len=1460 desc=24
[sdio_rx_1pkt] alloc pbuf=0x1004fa20 len=1460 desc=24
[sdio_rx_1pkt] alloc pbuf=0x1004fa20 len=1460 desc=24
[sdio_rx_1pkt] alloc pbuf=0x10050460 len=1460 desc=24
[sdio_rx_1pkt] alloc pbuf=0x1004fa20 len=1460 desc=24
[sdio_rx_1pkt] alloc pbuf=0x1004fa20 len=1460 desc=24
[sdio_rx_1pkt] alloc pbuf=0x1004fa20 len=1460 desc=24
[sdio_rx_1pkt] alloc pbuf=0x1004fa20 len=1460 desc=24
[sdio_rx_1pkt] alloc pbuf=0x1004fa20 len=1460 desc=24
[sdio_rx_1pkt] alloc pbuf=0x1004fa20 len=1460 desc=24
[sdio_rx_1pkt] alloc pbuf=0x1004fa20 len=1460 desc=24
[sdio_rx_1pkt] alloc pbuf=0x1004fa20 len=1460 desc=24
[sdio_rx_1pkt] alloc pbuf=0x1004fa20 len=1460 desc=24
[sdio_rx_1pkt] alloc pbuf=0x1004fa20 len=1460 desc=24
[sdio_rx_1pkt] alloc pbuf=0x1004fa20 len=1460 desc=24
[sdio_rx_1pkt] alloc pbuf=0x1004fa20 len=1460 desc=24
[sdio_rx_1pkt] alloc pbuf=0x1004fa20 len=1460 desc=24
[sdio_rx_1pkt] alloc pbuf=0x1004fa20 len=1460 desc=24
[sdio_rx_1pkt] alloc pbuf=0x1004fa20 len=1460 desc=24
[sdio_rx_1pkt] alloc pbuf=0x1004fa20 len=1460 desc=24
[sdio_rx_1pkt] alloc pbuf=0x1004fa20 len=1460 desc=24
[sdio_rx_1pkt] alloc pbuf=0x1004fa20 len=1460 desc=24
[sdio_rx_1pkt] alloc pbuf=0x1004fa20 len=1460 desc=24
[sdio_rx_1pkt] alloc pbuf=0x1004fa20 len=1460 desc=24
[sdio_rx_1pkt] alloc pbuf=0x1004fa20 len=1460 desc=24
[sdio_rx_1pkt] alloc pbuf=0x1004fa20 len=1460 desc=24
[sdio_rx_1pkt] alloc pbuf=0x1004fa20 len=1460 desc=24
[sdio_rx_1pkt] alloc pbuf=0x1004fa20 len=1460 desc=24
[sdio_rx_1pkt] alloc pbuf=0x1004fa20 len=1460 desc=24
[sdio_rx_1pkt] alloc pbuf=0x1004fa20 len=1460 desc=24
[sdio_rx_1pkt] alloc pbuf=0x1004fa20 len=1460 desc=24
[sdio_rx_1pkt] alloc pbuf=0x1004fa20 len=1460 desc=24
[sdio_rx_1pkt] alloc pbuf=0x1004fa20 len=1460 desc=24
[sdio_rx_1pkt] alloc pbuf=0x1004fa20 len=1460 desc=24
[sdio_rx_1pkt] alloc pbuf=0x1004fa20 len=1460 desc=24
[sdio_rx_1pkt] alloc pbuf=0x1004fa20 len=1460 desc=24
[sdio_rx_1pkt] alloc pbuf=0x1004fa20 len=1460 desc=24
[sdio_rx_1pkt] alloc pbuf=0x1004fa20 len=1460 desc=24
[sdio_rx_1pkt] alloc pbuf=0x1004fa20 len=1460 desc=24
[sdio_rx_1pkt] alloc pbuf=0x1004fa20 len=1460 desc=24
[sdio_rx_1pkt] alloc pbuf=0x1004fa20 len=1460 desc=24
[sdio_rx_1pkt] alloc pbuf=0x1004fa20 len=1460 desc=24
[sdio_rx_1pkt] alloc pbuf=0x10050aa0 len=1460 desc=24
[sdio_rx_1pkt] alloc pbuf=0x10050aa0 len=1460 desc=24
[sdio_rx_1pkt] alloc pbuf=0x10050aa0 len=1460 desc=24
[sdio_rx_1pkt] alloc pbuf=0x1004fa20 len=1460 desc=24
[sdio_rx_1pkt] alloc pbuf=0x1004fa20 len=1460 desc=24
[sdio_rx_1pkt] alloc pbuf=0x1004fa20 len=1460 desc=24
[sdio_rx_1pkt] alloc pbuf=0x1004fa20 len=1460 desc=24
[sdio_rx_1pkt] alloc pbuf=0x1004fa20 len=1460 desc=24
[sdio_rx_done] #700 pkt=1460 off=24 type=130 ppkt=0x1004fa20
[sdio_rx_1pkt] alloc pbuf=0x1004fa20 len=1460 desc=24
[sdio_rx_1pkt] alloc pbuf=0x1004fa20 len=1460 desc=24
[sdio_rx_1pkt] alloc pbuf=0x1004fa20 len=1460 desc=24
[sdio_rx_1pkt] alloc pbuf=0x1004fa20 len=1460 desc=24
[sdio_rx_1pkt] alloc pbuf=0x1004fa20 len=1460 desc=24
[sdio_rx_1pkt] alloc pbuf=0x1004fa20 len=1460 desc=24
[sdio_rx_1pkt] alloc pbuf=0x1004fa20 len=1460 desc=24
[sdio_rx_1pkt] alloc pbuf=0x1004fa20 len=1460 desc=24
[sdio_rx_1pkt] alloc pbuf=0x1004fa20 len=1460 desc=24
[sdio_rx_1pkt] alloc pbuf=0x1004fa20 len=1460 desc=24
[sdio_rx_1pkt] alloc pbuf=0x1004fa20 len=1460 desc=24
[sdio_rx_1pkt] alloc pbuf=0x1004fa20 len=1460 desc=24
[sdio_rx_1pkt] alloc pbuf=0x1004fa20 len=1460 desc=24
[sdio_rx_1pkt] alloc pbuf=0x1004fa20 len=1460 desc=24
[sdio_rx_1pkt] alloc pbuf=0x1004fa20 len=1460 desc=24
[sdio_rx_1pkt] alloc pbuf=0x1004fa20 len=1460 desc=24
[sdio_rx_1pkt] alloc pbuf=0x1004fa20 len=1460 desc=24
[sdio_rx_1pkt] alloc pbuf=0x1004fa20 len=1460 desc=24
[sdio_rx_1pkt] alloc pbuf=0x1004fa20 len=1460 desc=24
[sdio_rx_1pkt] alloc pbuf=0x1004fa20 len=1460 desc=24
[sdio_rx_1pkt] alloc pbuf=0x1004fa20 len=1460 desc=24
[sdio_rx_1pkt] alloc pbuf=0x1004fa20 len=1460 desc=24
[sdio_rx_1pkt] alloc pbuf=0x1004fa20 len=1460 desc=24
[sdio_rx_1pkt] alloc pbuf=0x1004fa20 len=1460 desc=24
[sdio_rx_1pkt] alloc pbuf=0x1004fa20 len=1460 desc=24
[sdio_rx_1pkt] alloc pbuf=0x1004fa20 len=1460 desc=24
[sdio_rx_1pkt] alloc pbuf=0x1004fa20 len=1460 desc=24
[sdio_rx_1pkt] alloc pbuf=0x1004fa20 len=1460 desc=24
[sdio_rx_1pkt] alloc pbuf=0x1004fa20 len=1460 desc=24
[sdio_rx_1pkt] alloc pbuf=0x1004fa20 len=1460 desc=24
[sdio_rx_1pkt] alloc pbuf=0x1004fa20 len=1460 desc=24
[sdio_rx_1pkt] alloc pbuf=0x1004fa20 len=1460 desc=24
[sdio_rx_1pkt] alloc pbuf=0x1004fa20 len=1460 desc=24
[sdio_rx_1pkt] alloc pbuf=0x1004fa20 len=1460 desc=24
[sdio_rx_1pkt] alloc pbuf=0x1004fa20 len=1460 desc=24
[sdio_rx_1pkt] alloc pbuf=0x1004fa20 len=1460 desc=24
[sdio_rx_1pkt] alloc pbuf=0x1004fa20 len=1460 desc=24
[sdio_rx_1pkt] alloc pbuf=0x10050aa0 len=1460 desc=24
[sdio_rx_1pkt] alloc pbuf=0x1004fa20 len=1460 desc=24
[sdio_rx_1pkt] alloc pbuf=0x1004fa20 len=1460 desc=24
[sdio_rx_1pkt] alloc pbuf=0x1004fa20 len=1460 desc=24
[sdio_rx_1pkt] alloc pbuf=0x1004fa20 len=1460 desc=24
[sdio_rx_1pkt] alloc pbuf=0x1004fa20 len=1460 desc=24
[sdio_rx_1pkt] alloc pbuf=0x1004fa20 len=1460 desc=24
[sdio_rx_1pkt] alloc pbuf=0x1004fa20 len=1460 desc=24
[sdio_rx_1pkt] alloc pbuf=0x1004fa20 len=1460 desc=24
[sdio_rx_1pkt] alloc pbuf=0x1004fa20 len=1460 desc=24
[sdio_rx_1pkt] alloc pbuf=0x1004fa20 len=1460 desc=24
[sdio_rx_1pkt] alloc pbuf=0x1004fa20 len=1460 desc=24
[sdio_rx_1pkt] alloc pbuf=0x1004fa60 len=1460 desc=24
[sdio_rx_done] #750 pkt=1460 off=24 type=130 ppkt=0x1004fa60
[sdio_rx_1pkt] alloc pbuf=0x1004fa60 len=1460 desc=24
[sdio_rx_1pkt] alloc pbuf=0x1004fa60 len=1460 desc=24
[sdio_rx_1pkt] alloc pbuf=0x1004fa60 len=1460 desc=24
[sdio_rx_1pkt] alloc pbuf=0x1004fa60 len=1460 desc=24
[sdio_rx_1pkt] alloc pbuf=0x1004fa20 len=1460 desc=24
[sdio_rx_1pkt] alloc pbuf=0x1004fa20 len=1460 desc=24
[sdio_rx_1pkt] alloc pbuf=0x1004fa20 len=1460 desc=24
[sdio_rx_1pkt] alloc pbuf=0x1004fa20 len=1460 desc=24
[sdio_rx_1pkt] alloc pbuf=0x1004fa20 len=1460 desc=24
[sdio_rx_1pkt] alloc pbuf=0x1004fa20 len=1460 desc=24
[sdio_rx_1pkt] alloc pbuf=0x1004fa20 len=1460 desc=24
[sdio_rx_1pkt] alloc pbuf=0x1004fa20 len=1460 desc=24
[sdio_rx_1pkt] alloc pbuf=0x1004fa20 len=1460 desc=24
[sdio_rx_1pkt] alloc pbuf=0x1004fa20 len=1460 desc=24
[sdio_rx_1pkt] alloc pbuf=0x1004fa20 len=1460 desc=24
[sdio_rx_1pkt] alloc pbuf=0x1004fa20 len=1460 desc=24
[sdio_rx_1pkt] alloc pbuf=0x1004fa20 len=1460 desc=24
[sdio_rx_1pkt] alloc pbuf=0x1004fa20 len=1460 desc=24
[sdio_rx_1pkt] alloc pbuf=0x1004fa20 len=1460 desc=24
[sdio_rx_1pkt] alloc pbuf=0x1004fa20 len=1460 desc=24
[sdio_rx_1pkt] alloc pbuf=0x1004fa20 len=1460 desc=24
[sdio_rx_1pkt] alloc pbuf=0x1004fa20 len=1460 desc=24
[sdio_rx_1pkt] alloc pbuf=0x1004fa20 len=1460 desc=24
[sdio_rx_1pkt] alloc pbuf=0x1004fa20 len=1460 desc=24
[sdio_rx_1pkt] alloc pbuf=0x1004fa20 len=1460 desc=24
[sdio_rx_1pkt] alloc pbuf=0x1004fa20 len=1460 desc=24
[sdio_rx_1pkt] alloc pbuf=0x1004fa20 len=1460 desc=24
[sdio_rx_1pkt] alloc pbuf=0x1004fa20 len=1460 desc=24
[sdio_rx_1pkt] alloc pbuf=0x1004fa20 len=1460 desc=24
[sdio_rx_1pkt] alloc pbuf=0x1004fa20 len=1460 desc=24
[sdio_rx_1pkt] alloc pbuf=0x10050460 len=1460 desc=24
[sdio_rx_1pkt] alloc pbuf=0x1004f9e0 len=1460 desc=24
[sdio_rx_1pkt] alloc pbuf=0x10050aa0 len=1460 desc=24
[sdio_rx_1pkt] alloc pbuf=0x1004f9e0 len=1460 desc=24
[sdio_rx_1pkt] alloc pbuf=0x1004f9e0 len=1460 desc=24
[sdio_rx_1pkt] alloc pbuf=0x1004f9e0 len=1460 desc=24
[sdio_rx_1pkt] alloc pbuf=0x1004f9e0 len=1460 desc=24
[sdio_rx_1pkt] alloc pbuf=0x1004f9e0 len=1460 desc=24
[sdio_rx_1pkt] alloc pbuf=0x1004f9e0 len=1460 desc=24
[sdio_rx_1pkt] alloc pbuf=0x1004f9e0 len=1460 desc=24
[sdio_rx_1pkt] alloc pbuf=0x1004f9e0 len=1460 desc=24
[sdio_rx_1pkt] alloc pbuf=0x1004f9e0 len=1460 desc=24
[sdio_rx_1pkt] alloc pbuf=0x1004f9e0 len=1460 desc=24
[sdio_rx_1pkt] alloc pbuf=0x1004f9e0 len=1460 desc=24
[sdio_rx_1pkt] alloc pbuf=0x1004f9e0 len=1460 desc=24
[sdio_rx_1pkt] alloc pbuf=0x1004f9e0 len=1460 desc=24
[sdio_rx_1pkt] alloc pbuf=0x1004f9e0 len=1460 desc=24
[sdio_rx_1pkt] alloc pbuf=0x10050aa0 len=1460 desc=24
[sdio_rx_1pkt] alloc pbuf=0x10050aa0 len=1460 desc=24
[sdio_rx_1pkt] alloc pbuf=0x10050aa0 len=1460 desc=24
[sdio_rx_done] #800 pkt=1460 off=24 type=130 ppkt=0x10050aa0
[sdio_rx_1pkt] alloc pbuf=0x1004f9e0 len=1460 desc=24
[sdio_rx_1pkt] alloc pbuf=0x1004f9e0 len=820 desc=24
[ATTF] tcp file=test.bin bytes=583360 crc=3f772e1b ms=3902
[sdio_rx_1pkt] alloc pbuf=0x1004fa20 len=35 desc=24
[sdio_rx_1pkt] alloc pbuf=0x1004fa20 len=1460 desc=24
[sdio_rx_1pkt] alloc pbuf=0x1004fa20 len=1460 desc=24
[sdio_rx_1pkt] alloc pbuf=0x1004fa20 len=1460 desc=24
[sdio_rx_1pkt] alloc pbuf=0x1004fa20 len=1460 desc=24
[sdio_rx_1pkt] alloc pbuf=0x1004fa20 len=1460 desc=24
[sdio_rx_1pkt] alloc pbuf=0x1004fa20 len=1460 desc=24
[sdio_rx_1pkt] alloc pbuf=0x1004fa20 len=1460 desc=24
[sdio_rx_1pkt] alloc pbuf=0x1004fa20 len=1460 desc=24
[sdio_rx_1pkt] alloc pbuf=0x1004fa20 len=1460 desc=24
[sdio_rx_1pkt] alloc pbuf=0x1004fa20 len=1460 desc=24
[sdio_rx_1pkt] alloc pbuf=0x1004fa20 len=1460 desc=24
[sdio_rx_1pkt] alloc pbuf=0x1004fa20 len=1460 desc=24
[sdio_rx_1pkt] alloc pbuf=0x10050b60 len=1460 desc=24
[sdio_rx_1pkt] alloc pbuf=0x10050b60 len=1460 desc=24
[sdio_rx_1pkt] alloc pbuf=0x1004fa20 len=1460 desc=24
[sdio_rx_1pkt] alloc pbuf=0x1004fa20 len=1460 desc=24
[sdio_rx_1pkt] alloc pbuf=0x1004fa20 len=1460 desc=24
[sdio_rx_1pkt] alloc pbuf=0x1004fa20 len=1460 desc=24
[sdio_rx_1pkt] alloc pbuf=0x1004fa20 len=1460 desc=24
[sdio_rx_1pkt] alloc pbuf=0x1004fa20 len=1460 desc=24
[sdio_rx_1pkt] alloc pbuf=0x1004fa20 len=1460 desc=24
[sdio_rx_1pkt] alloc pbuf=0x1004fa20 len=1460 desc=24
[sdio_rx_1pkt] alloc pbuf=0x1004fa20 len=1460 desc=24
[sdio_rx_1pkt] alloc pbuf=0x1004fa20 len=1460 desc=24
[sdio_rx_1pkt] alloc pbuf=0x1004fa20 len=1460 desc=24
[sdio_rx_1pkt] alloc pbuf=0x1004fa20 len=1460 desc=24
[sdio_rx_1pkt] alloc pbuf=0x1004fa20 len=1460 desc=24
[sdio_rx_1pkt] alloc pbuf=0x1004fa20 len=1460 desc=24
[sdio_rx_1pkt] alloc pbuf=0x1004fa20 len=1460 desc=24
[sdio_rx_1pkt] alloc pbuf=0x1004fa20 len=1460 desc=24
[sdio_rx_1pkt] alloc pbuf=0x1004fa20 len=1460 desc=24
[sdio_rx_1pkt] alloc pbuf=0x1004fa20 len=1460 desc=24
[sdio_rx_1pkt] alloc pbuf=0x1004fa20 len=1460 desc=24
[sdio_rx_1pkt] alloc pbuf=0x1004fa20 len=1460 desc=24
[sdio_rx_1pkt] alloc pbuf=0x1004fa20 len=1460 desc=24
[sdio_rx_1pkt] alloc pbuf=0x1004fa20 len=1460 desc=24
[sdio_rx_1pkt] alloc pbuf=0x1004fa20 len=1460 desc=24
[sdio_rx_1pkt] alloc pbuf=0x1004fa20 len=1460 desc=24
[sdio_rx_1pkt] alloc pbuf=0x1004fa20 len=1460 desc=24
[sdio_rx_1pkt] alloc pbuf=0x1004fa20 len=1460 desc=24
[sdio_rx_1pkt] alloc pbuf=0x1004fa20 len=1460 desc=24
[sdio_rx_1pkt] alloc pbuf=0x1004fa20 len=1460 desc=24
[sdio_rx_1pkt] alloc pbuf=0x1004fa20 len=1460 desc=24
[sdio_rx_1pkt] alloc pbuf=0x1004fa20 len=1460 desc=24
[sdio_rx_1pkt] alloc pbuf=0x1004fa20 len=1460 desc=24
[sdio_rx_1pkt] alloc pbuf=0x1004fa20 len=1460 desc=24
[sdio_rx_1pkt] alloc pbuf=0x1004fa20 len=1460 desc=24
[sdio_rx_done] #850 pkt=1460 off=24 type=130 ppkt=0x1004fa20
[sdio_rx_1pkt] alloc pbuf=0x1004fa20 len=1460 desc=24
[sdio_rx_1pkt] alloc pbuf=0x1004fa20 len=1460 desc=24
[sdio_rx_1pkt] alloc pbuf=0x1004fa20 len=1460 desc=24
[sdio_rx_1pkt] alloc pbuf=0x1004fa20 len=1460 desc=24
[sdio_rx_1pkt] alloc pbuf=0x1004fa20 len=1460 desc=24
[sdio_rx_1pkt] alloc pbuf=0x10050520 len=1460 desc=24
[sdio_rx_1pkt] alloc pbuf=0x10050520 len=1460 desc=24
[sdio_rx_1pkt] alloc pbuf=0x1004fa20 len=1460 desc=24
[sdio_rx_1pkt] alloc pbuf=0x1004fa20 len=1460 desc=24
[sdio_rx_1pkt] alloc pbuf=0x1004fa20 len=1460 desc=24
[sdio_rx_1pkt] alloc pbuf=0x1004fa20 len=1460 desc=24
[sdio_rx_1pkt] alloc pbuf=0x1004fa20 len=1460 desc=24
[sdio_rx_1pkt] alloc pbuf=0x1004fa20 len=1460 desc=24
[sdio_rx_1pkt] alloc pbuf=0x1004fa20 len=1460 desc=24
[sdio_rx_1pkt] alloc pbuf=0x1004fa20 len=1460 desc=24
[sdio_rx_1pkt] alloc pbuf=0x1004fa20 len=1460 desc=24
[sdio_rx_1pkt] alloc pbuf=0x1004fa20 len=1460 desc=24
[sdio_rx_1pkt] alloc pbuf=0x1004fa20 len=1460 desc=24
[sdio_rx_1pkt] alloc pbuf=0x1004fa20 len=1460 desc=24
[sdio_rx_1pkt] alloc pbuf=0x1004fa20 len=1460 desc=24
[sdio_rx_1pkt] alloc pbuf=0x1004fa20 len=1460 desc=24
[sdio_rx_1pkt] alloc pbuf=0x1004fa20 len=1460 desc=24
[sdio_rx_1pkt] alloc pbuf=0x1004fa20 len=1460 desc=24
[sdio_rx_1pkt] alloc pbuf=0x1004fa20 len=1460 desc=24
[sdio_rx_1pkt] alloc pbuf=0x1004fa20 len=1460 desc=24
[sdio_rx_1pkt] alloc pbuf=0x1004fa20 len=1460 desc=24
[sdio_rx_1pkt] alloc pbuf=0x1004fa20 len=1460 desc=24
[sdio_rx_1pkt] alloc pbuf=0x1004fa20 len=1460 desc=24
[sdio_rx_1pkt] alloc pbuf=0x1004fa20 len=1460 desc=24
[sdio_rx_1pkt] alloc pbuf=0x1004fa20 len=1460 desc=24
[sdio_rx_1pkt] alloc pbuf=0x1004fa20 len=1460 desc=24
[sdio_rx_1pkt] alloc pbuf=0x1004fa20 len=1460 desc=24
[sdio_rx_1pkt] alloc pbuf=0x1004fa20 len=1460 desc=24
[sdio_rx_1pkt] alloc pbuf=0x1004fa20 len=1460 desc=24
[sdio_rx_1pkt] alloc pbuf=0x1004fa20 len=1460 desc=24
[sdio_rx_1pkt] alloc pbuf=0x1004fa20 len=1460 desc=24
[sdio_rx_1pkt] alloc pbuf=0x1004fa20 len=1460 desc=24
[sdio_rx_1pkt] alloc pbuf=0x1004fa20 len=1460 desc=24
[sdio_rx_1pkt] alloc pbuf=0x1004fa20 len=1460 desc=24
[sdio_rx_1pkt] alloc pbuf=0x1004fa20 len=1460 desc=24
[sdio_rx_1pkt] alloc pbuf=0x1004fa20 len=1460 desc=24
[sdio_rx_1pkt] alloc pbuf=0x1004fa20 len=1460 desc=24
[sdio_rx_1pkt] alloc pbuf=0x1004fa20 len=1460 desc=24
[sdio_rx_1pkt] alloc pbuf=0x1004fa20 len=1460 desc=24
[sdio_rx_1pkt] alloc pbuf=0x1004fa20 len=1460 desc=24
[sdio_rx_1pkt] alloc pbuf=0x1004fa20 len=1460 desc=24
[sdio_rx_1pkt] alloc pbuf=0x1004fa20 len=1460 desc=24
[sdio_rx_1pkt] alloc pbuf=0x1004fa20 len=1460 desc=24
[sdio_rx_1pkt] alloc pbuf=0x1004fa20 len=1460 desc=24
[sdio_rx_1pkt] alloc pbuf=0x1004fa20 len=1460 desc=24
[sdio_rx_done] #900 pkt=1460 off=24 type=130 ppkt=0x1004fa20
[sdio_rx_1pkt] alloc pbuf=0x1004fa20 len=1460 desc=24
[sdio_rx_1pkt] alloc pbuf=0x1004fa20 len=1460 desc=24
[sdio_rx_1pkt] alloc pbuf=0x1004fa20 len=1460 desc=24
[sdio_rx_1pkt] alloc pbuf=0x1004fa20 len=1460 desc=24
[sdio_rx_1pkt] alloc pbuf=0x1004fa20 len=1460 desc=24
[sdio_rx_1pkt] alloc pbuf=0x1004fa20 len=1460 desc=24
[sdio_rx_1pkt] alloc pbuf=0x10050520 len=1460 desc=24
[sdio_rx_1pkt] alloc pbuf=0x10050520 len=1460 desc=24
[sdio_rx_1pkt] alloc pbuf=0x10050520 len=1460 desc=24
[sdio_rx_1pkt] alloc pbuf=0x1004fa20 len=1460 desc=24
[sdio_rx_1pkt] alloc pbuf=0x1004fa20 len=1460 desc=24
[sdio_rx_1pkt] alloc pbuf=0x1004fa20 len=1460 desc=24
[sdio_rx_1pkt] alloc pbuf=0x100511a0 len=1460 desc=24
[sdio_rx_1pkt] alloc pbuf=0x100511a0 len=1460 desc=24
[sdio_rx_1pkt] alloc pbuf=0x10050520 len=1460 desc=24
[sdio_rx_1pkt] alloc pbuf=0x10050520 len=1460 desc=24
[sdio_rx_1pkt] alloc pbuf=0x1004fa20 len=1460 desc=24
[sdio_rx_1pkt] alloc pbuf=0x10050520 len=1460 desc=24
[sdio_rx_1pkt] alloc pbuf=0x10050520 len=1460 desc=24
[sdio_rx_1pkt] alloc pbuf=0x1004fa20 len=1460 desc=24
[sdio_rx_1pkt] alloc pbuf=0x1004fa20 len=1460 desc=24
[sdio_rx_1pkt] alloc pbuf=0x1004fa20 len=1460 desc=24
[sdio_rx_1pkt] alloc pbuf=0x1004fa20 len=1460 desc=24
[sdio_rx_1pkt] alloc pbuf=0x100511a0 len=1460 desc=24
[sdio_rx_1pkt] alloc pbuf=0x100511a0 len=1460 desc=24
[sdio_rx_1pkt] alloc pbuf=0x1004fa20 len=1460 desc=24
[sdio_rx_1pkt] alloc pbuf=0x1004fa20 len=1460 desc=24
[sdio_rx_1pkt] alloc pbuf=0x1004fa20 len=1460 desc=24
[sdio_rx_1pkt] alloc pbuf=0x1004fa20 len=1460 desc=24
[sdio_rx_1pkt] alloc pbuf=0x1004fa20 len=1460 desc=24
[sdio_rx_1pkt] alloc pbuf=0x1004fa20 len=1460 desc=24
[sdio_rx_1pkt] alloc pbuf=0x1004fa20 len=1460 desc=24
[sdio_rx_1pkt] alloc pbuf=0x1004fa20 len=1460 desc=24
[sdio_rx_1pkt] alloc pbuf=0x1004fa20 len=1460 desc=24
[sdio_rx_1pkt] alloc pbuf=0x1004fa20 len=1460 desc=24
[sdio_rx_1pkt] alloc pbuf=0x1004fa20 len=1460 desc=24
[sdio_rx_1pkt] alloc pbuf=0x1004fa20 len=1460 desc=24
[sdio_rx_1pkt] alloc pbuf=0x1004fa20 len=1460 desc=24
[sdio_rx_1pkt] alloc pbuf=0x1004fa20 len=1460 desc=24
[sdio_rx_1pkt] alloc pbuf=0x1004fa20 len=1460 desc=24
[sdio_rx_1pkt] alloc pbuf=0x1004fa20 len=1460 desc=24
[sdio_rx_1pkt] alloc pbuf=0x1004fa20 len=1460 desc=24
[sdio_rx_1pkt] alloc pbuf=0x1004fa20 len=1460 desc=24
[sdio_rx_1pkt] alloc pbuf=0x1004fa20 len=1460 desc=24
[sdio_rx_1pkt] alloc pbuf=0x1004fa20 len=1460 desc=24
[sdio_rx_1pkt] alloc pbuf=0x1004fa20 len=1460 desc=24
[sdio_rx_1pkt] alloc pbuf=0x1004fa20 len=1460 desc=24
[sdio_rx_1pkt] alloc pbuf=0x1004fa20 len=1460 desc=24
[sdio_rx_1pkt] alloc pbuf=0x1004fa20 len=1460 desc=24
[sdio_rx_1pkt] alloc pbuf=0x1004fa20 len=1460 desc=24
[sdio_rx_done] #950 pkt=1460 off=24 type=130 ppkt=0x1004fa20
[sdio_rx_1pkt] alloc pbuf=0x100511a0 len=1460 desc=24
[sdio_rx_1pkt] alloc pbuf=0x100511a0 len=1460 desc=24
[sdio_rx_1pkt] alloc pbuf=0x10050520 len=1460 desc=24
[sdio_rx_1pkt] alloc pbuf=0x1004fa20 len=1460 desc=24
[sdio_rx_1pkt] alloc pbuf=0x1004fa20 len=1460 desc=24
[sdio_rx_1pkt] alloc pbuf=0x1004fa20 len=1460 desc=24
[sdio_rx_1pkt] alloc pbuf=0x1004fa20 len=1460 desc=24
[sdio_rx_1pkt] alloc pbuf=0x1004fa20 len=1460 desc=24
[sdio_rx_1pkt] alloc pbuf=0x1004fa20 len=1460 desc=24
[sdio_rx_1pkt] alloc pbuf=0x1004fa20 len=1460 desc=24
[sdio_rx_1pkt] alloc pbuf=0x1004fa20 len=1460 desc=24
[sdio_rx_1pkt] alloc pbuf=0x100511a0 len=1460 desc=24
[sdio_rx_1pkt] alloc pbuf=0x10050520 len=1460 desc=24
[sdio_rx_1pkt] alloc pbuf=0x10050520 len=1460 desc=24
[sdio_rx_1pkt] alloc pbuf=0x1004fa20 len=1460 desc=24
[sdio_rx_1pkt] alloc pbuf=0x10050520 len=1460 desc=24
[sdio_rx_1pkt] alloc pbuf=0x1004fa20 len=1460 desc=24
[sdio_rx_1pkt] alloc pbuf=0x1004f9e0 len=1460 desc=24
[sdio_rx_1pkt] alloc pbuf=0x1004f9e0 len=1460 desc=24
[sdio_rx_1pkt] alloc pbuf=0x1004f9e0 len=1460 desc=24
[sdio_rx_1pkt] alloc pbuf=0x1004f9e0 len=1460 desc=24
[sdio_rx_1pkt] alloc pbuf=0x1004f9e0 len=1460 desc=24
[sdio_rx_1pkt] alloc pbuf=0x1004f9e0 len=1460 desc=24
[sdio_rx_1pkt] alloc pbuf=0x1004f9e0 len=1460 desc=24
[sdio_rx_1pkt] alloc pbuf=0x1004f9e0 len=1460 desc=24
[sdio_rx_1pkt] alloc pbuf=0x1004f9e0 len=1460 desc=24
[sdio_rx_1pkt] alloc pbuf=0x10050b60 len=1460 desc=24
[sdio_rx_1pkt] alloc pbuf=0x10050b60 len=1460 desc=24
[sdio_rx_1pkt] alloc pbuf=0x1004f9e0 len=1460 desc=24
[sdio_rx_1pkt] alloc pbuf=0x10050520 len=1460 desc=24
[sdio_rx_1pkt] alloc pbuf=0x1004f9e0 len=1460 desc=24
[sdio_rx_1pkt] alloc pbuf=0x1004f9e0 len=1460 desc=24
[sdio_rx_1pkt] alloc pbuf=0x1004f9e0 len=1460 desc=24
[sdio_rx_1pkt] alloc pbuf=0x1004f9e0 len=1460 desc=24
[sdio_rx_1pkt] alloc pbuf=0x10050b60 len=1460 desc=24
[sdio_rx_1pkt] alloc pbuf=0x10050520 len=1460 desc=24
[sdio_rx_1pkt] alloc pbuf=0x1004f9e0 len=1460 desc=24
[sdio_rx_1pkt] alloc pbuf=0x1004f9e0 len=1460 desc=24
[sdio_rx_1pkt] alloc pbuf=0x1004f9e0 len=1460 desc=24
[sdio_rx_1pkt] alloc pbuf=0x1004f9e0 len=1460 desc=24
[sdio_rx_1pkt] alloc pbuf=0x1004f9e0 len=1460 desc=24
[sdio_rx_1pkt] alloc pbuf=0x1004f9e0 len=1460 desc=24
[sdio_rx_1pkt] alloc pbuf=0x1004f9e0 len=1460 desc=24
[sdio_rx_1pkt] alloc pbuf=0x1004f9e0 len=1460 desc=24
[sdio_rx_1pkt] alloc pbuf=0x1004f9e0 len=1460 desc=24
[sdio_rx_1pkt] alloc pbuf=0x1004f9e0 len=1460 desc=24
[sdio_rx_1pkt] alloc pbuf=0x1004f9e0 len=1460 desc=24
[sdio_rx_1pkt] alloc pbuf=0x1004f9e0 len=1460 desc=24
[sdio_rx_1pkt] alloc pbuf=0x1004f9e0 len=1460 desc=24
[sdio_rx_1pkt] alloc pbuf=0x1004f9e0 len=1460 desc=24
[sdio_rx_done] #1000 pkt=1460 off=24 type=130 ppkt=0x1004f9e0
[sdio_rx_1pkt] alloc pbuf=0x1004f9e0 len=1460 desc=24
[sdio_rx_1pkt] alloc pbuf=0x1004f9e0 len=1460 desc=24
[sdio_rx_1pkt] alloc pbuf=0x1004f9e0 len=1460 desc=24
[sdio_rx_1pkt] alloc pbuf=0x1004f9e0 len=1460 desc=24
[sdio_rx_1pkt] alloc pbuf=0x1004f9e0 len=1460 desc=24
[sdio_rx_1pkt] alloc pbuf=0x1004f9e0 len=1460 desc=24
[sdio_rx_1pkt] alloc pbuf=0x1004f9e0 len=1460 desc=24
[sdio_rx_1pkt] alloc pbuf=0x1004f9e0 len=1460 desc=24
[sdio_rx_1pkt] alloc pbuf=0x1004f9e0 len=1460 desc=24
[sdio_rx_1pkt] alloc pbuf=0x1004f9e0 len=1460 desc=24
[sdio_rx_1pkt] alloc pbuf=0x1004f9e0 len=1460 desc=24
[sdio_rx_1pkt] alloc pbuf=0x1004f9e0 len=1460 desc=24
[sdio_rx_1pkt] alloc pbuf=0x1004f9e0 len=1460 desc=24
[sdio_rx_1pkt] alloc pbuf=0x1004f9e0 len=1460 desc=24
[sdio_rx_1pkt] alloc pbuf=0x1004f9e0 len=1460 desc=24
[sdio_rx_1pkt] alloc pbuf=0x1004f9e0 len=1460 desc=24
[sdio_rx_1pkt] alloc pbuf=0x1004f9e0 len=1460 desc=24
[sdio_rx_1pkt] alloc pbuf=0x1004f9e0 len=1460 desc=24
[sdio_rx_1pkt] alloc pbuf=0x1004f9e0 len=1460 desc=24
[sdio_rx_1pkt] alloc pbuf=0x1004f9e0 len=1460 desc=24
[sdio_rx_1pkt] alloc pbuf=0x1004f9e0 len=1460 desc=24
[sdio_rx_1pkt] alloc pbuf=0x1004f9e0 len=1460 desc=24
[sdio_rx_1pkt] alloc pbuf=0x1004f9e0 len=1460 desc=24
[sdio_rx_1pkt] alloc pbuf=0x1004f9e0 len=1460 desc=24
[sdio_rx_1pkt] alloc pbuf=0x1004f9e0 len=1460 desc=24
[sdio_rx_1pkt] alloc pbuf=0x1004f9e0 len=1460 desc=24
[sdio_rx_1pkt] alloc pbuf=0x1004f9e0 len=1460 desc=24
[sdio_rx_1pkt] alloc pbuf=0x1004f9e0 len=1460 desc=24
[sdio_rx_1pkt] alloc pbuf=0x1004f9e0 len=1460 desc=24
[sdio_rx_1pkt] alloc pbuf=0x1004f9e0 len=1460 desc=24
[sdio_rx_1pkt] alloc pbuf=0x1004f9e0 len=1460 desc=24
[sdio_rx_1pkt] alloc pbuf=0x1004f9e0 len=1460 desc=24
[sdio_rx_1pkt] alloc pbuf=0x1004f9e0 len=1460 desc=24
[sdio_rx_1pkt] alloc pbuf=0x1004f9e0 len=1460 desc=24
[sdio_rx_1pkt] alloc pbuf=0x1004f9e0 len=1460 desc=24
[sdio_rx_1pkt] alloc pbuf=0x1004f9e0 len=1460 desc=24
[sdio_rx_1pkt] alloc pbuf=0x1004f9e0 len=1460 desc=24
[sdio_rx_1pkt] alloc pbuf=0x1004f9e0 len=1460 desc=24
[sdio_rx_1pkt] alloc pbuf=0x1004f9e0 len=1460 desc=24
[sdio_rx_1pkt] alloc pbuf=0x1004f9e0 len=1460 desc=24
[sdio_rx_1pkt] alloc pbuf=0x1004f9e0 len=1460 desc=24
[sdio_rx_1pkt] alloc pbuf=0x1004f9e0 len=1460 desc=24
[sdio_rx_1pkt] alloc pbuf=0x1004f9e0 len=1460 desc=24
[sdio_rx_1pkt] alloc pbuf=0x1004f9e0 len=1460 desc=24
[sdio_rx_1pkt] alloc pbuf=0x1004f9e0 len=1460 desc=24
[sdio_rx_1pkt] alloc pbuf=0x1004f9e0 len=1460 desc=24
[sdio_rx_1pkt] alloc pbuf=0x1004f9e0 len=1460 desc=24
[sdio_rx_1pkt] alloc pbuf=0x1004f9e0 len=1460 desc=24
[sdio_rx_1pkt] alloc pbuf=0x1004f9e0 len=1460 desc=24
[sdio_rx_1pkt] alloc pbuf=0x1004f9e0 len=1460 desc=24
[sdio_rx_done] #1050 pkt=1460 off=24 type=130 ppkt=0x1004f9e0
[sdio_rx_1pkt] alloc pbuf=0x1004f9e0 len=1460 desc=24
[sdio_rx_1pkt] alloc pbuf=0x1004f9e0 len=1460 desc=24
[sdio_rx_1pkt] alloc pbuf=0x1004f9e0 len=1460 desc=24
[sdio_rx_1pkt] alloc pbuf=0x1004f9e0 len=1460 desc=24
[sdio_rx_1pkt] alloc pbuf=0x1004f9e0 len=1460 desc=24
[sdio_rx_1pkt] alloc pbuf=0x1004f9e0 len=1460 desc=24
[sdio_rx_1pkt] alloc pbuf=0x1004f9e0 len=1460 desc=24
[sdio_rx_1pkt] alloc pbuf=0x1004f9e0 len=1460 desc=24
[sdio_rx_1pkt] alloc pbuf=0x1004f9e0 len=1460 desc=24
[sdio_rx_1pkt] alloc pbuf=0x1004f9e0 len=1460 desc=24
[sdio_rx_1pkt] alloc pbuf=0x1004f9e0 len=1460 desc=24
[sdio_rx_1pkt] alloc pbuf=0x1004f9e0 len=1460 desc=24
[sdio_rx_1pkt] alloc pbuf=0x1004f9e0 len=1460 desc=24
[sdio_rx_1pkt] alloc pbuf=0x1004f9e0 len=1460 desc=24
[sdio_rx_1pkt] alloc pbuf=0x1004f9e0 len=1460 desc=24
[sdio_rx_1pkt] alloc pbuf=0x1004f9e0 len=1460 desc=24
[sdio_rx_1pkt] alloc pbuf=0x1004f9e0 len=1460 desc=24
[sdio_rx_1pkt] alloc pbuf=0x1004f9e0 len=1460 desc=24
[sdio_rx_1pkt] alloc pbuf=0x1004f9e0 len=1460 desc=24
[sdio_rx_1pkt] alloc pbuf=0x1004f9e0 len=1460 desc=24
[sdio_rx_1pkt] alloc pbuf=0x1004f9e0 len=1460 desc=24
[sdio_rx_1pkt] alloc pbuf=0x1004f9e0 len=1460 desc=24
[sdio_rx_1pkt] alloc pbuf=0x1004f9e0 len=1460 desc=24
[sdio_rx_1pkt] alloc pbuf=0x1004f9e0 len=1460 desc=24
[sdio_rx_1pkt] alloc pbuf=0x1004fa20 len=1460 desc=24
[sdio_rx_1pkt] alloc pbuf=0x1004fa20 len=1460 desc=24
[sdio_rx_1pkt] alloc pbuf=0x1004fa20 len=1460 desc=24
[sdio_rx_1pkt] alloc pbuf=0x1004fa20 len=1460 desc=24
[sdio_rx_1pkt] alloc pbuf=0x1004fa20 len=1460 desc=24
[sdio_rx_1pkt] alloc pbuf=0x1004fa20 len=1460 desc=24
[sdio_rx_1pkt] alloc pbuf=0x1004fa20 len=1460 desc=24
[sdio_rx_1pkt] alloc pbuf=0x1004fa20 len=1460 desc=24
[sdio_rx_1pkt] alloc pbuf=0x1004fa20 len=1460 desc=24
[sdio_rx_1pkt] alloc pbuf=0x1004fa20 len=1460 desc=24
[sdio_rx_1pkt] alloc pbuf=0x1004fa20 len=1460 desc=24
[sdio_rx_1pkt] alloc pbuf=0x1004fa20 len=1460 desc=24
[sdio_rx_1pkt] alloc pbuf=0x1004fa20 len=1460 desc=24
[sdio_rx_1pkt] alloc pbuf=0x1004fa20 len=1460 desc=24
[sdio_rx_1pkt] alloc pbuf=0x10050b60 len=1460 desc=24
[sdio_rx_1pkt] alloc pbuf=0x10050b60 len=1460 desc=24
[sdio_rx_1pkt] alloc pbuf=0x1004fa20 len=1460 desc=24
[sdio_rx_1pkt] alloc pbuf=0x1004fa20 len=1460 desc=24
[sdio_rx_1pkt] alloc pbuf=0x1004fa20 len=1460 desc=24
[sdio_rx_1pkt] alloc pbuf=0x1004fa20 len=1460 desc=24
[sdio_rx_1pkt] alloc pbuf=0x1004fa20 len=1460 desc=24
[sdio_rx_1pkt] alloc pbuf=0x1004fa20 len=1460 desc=24
[sdio_rx_1pkt] alloc pbuf=0x10050b60 len=1460 desc=24
[sdio_rx_1pkt] alloc pbuf=0x10050b60 len=1460 desc=24
[sdio_rx_1pkt] alloc pbuf=0x10050520 len=1460 desc=24
[sdio_rx_1pkt] alloc pbuf=0x1004fa20 len=1460 desc=24
[sdio_rx_done] #1100 pkt=1460 off=24 type=130 ppkt=0x1004fa20
[sdio_rx_1pkt] alloc pbuf=0x1004fa20 len=1460 desc=24
[sdio_rx_1pkt] alloc pbuf=0x1004fa20 len=1460 desc=24
[sdio_rx_1pkt] alloc pbuf=0x1004fa20 len=1460 desc=24
[sdio_rx_1pkt] alloc pbuf=0x1004fa20 len=1460 desc=24
[sdio_rx_1pkt] alloc pbuf=0x1004fa20 len=1460 desc=24
[sdio_rx_1pkt] alloc pbuf=0x1004fa20 len=1460 desc=24
[sdio_rx_1pkt] alloc pbuf=0x1004fa20 len=1460 desc=24
[sdio_rx_1pkt] alloc pbuf=0x1004fa20 len=1460 desc=24
[sdio_rx_1pkt] alloc pbuf=0x1004fa20 len=1460 desc=24
[sdio_rx_1pkt] alloc pbuf=0x1004fa20 len=1460 desc=24
[sdio_rx_1pkt] alloc pbuf=0x1004fa20 len=1460 desc=24
[sdio_rx_1pkt] alloc pbuf=0x1004fa20 len=1460 desc=24
[sdio_rx_1pkt] alloc pbuf=0x1004fa20 len=1460 desc=24
[sdio_rx_1pkt] alloc pbuf=0x1004fa20 len=1460 desc=24
[sdio_rx_1pkt] alloc pbuf=0x1004fa20 len=1460 desc=24
[sdio_rx_1pkt] alloc pbuf=0x1004fa20 len=1460 desc=24
[sdio_rx_1pkt] alloc pbuf=0x1004fa20 len=1460 desc=24
[sdio_rx_1pkt] alloc pbuf=0x1004fa20 len=1460 desc=24
[sdio_rx_1pkt] alloc pbuf=0x1004fa20 len=1460 desc=24
[sdio_rx_1pkt] alloc pbuf=0x1004fa20 len=1460 desc=24
[sdio_rx_1pkt] alloc pbuf=0x1004fa20 len=1460 desc=24
[sdio_rx_1pkt] alloc pbuf=0x1004fa20 len=1460 desc=24
[sdio_rx_1pkt] alloc pbuf=0x1004fa20 len=1460 desc=24
[sdio_rx_1pkt] alloc pbuf=0x10050520 len=1460 desc=24
[sdio_rx_1pkt] alloc pbuf=0x10050520 len=1460 desc=24
[sdio_rx_1pkt] alloc pbuf=0x10050520 len=1460 desc=24
[sdio_rx_1pkt] alloc pbuf=0x10050520 len=1460 desc=24
[sdio_rx_1pkt] alloc pbuf=0x1004fa20 len=1460 desc=24
[sdio_rx_1pkt] alloc pbuf=0x1004fa20 len=1460 desc=24
[sdio_rx_1pkt] alloc pbuf=0x1004fa20 len=1460 desc=24
[sdio_rx_1pkt] alloc pbuf=0x1004fa20 len=1460 desc=24
[sdio_rx_1pkt] alloc pbuf=0x1004fa20 len=1460 desc=24
[sdio_rx_1pkt] alloc pbuf=0x1004fa20 len=1460 desc=24
[sdio_rx_1pkt] alloc pbuf=0x1004fa20 len=1460 desc=24
[sdio_rx_1pkt] alloc pbuf=0x1004fa20 len=1460 desc=24
[sdio_rx_1pkt] alloc pbuf=0x1004fa20 len=1460 desc=24
[sdio_rx_1pkt] alloc pbuf=0x1004fa20 len=1460 desc=24
[sdio_rx_1pkt] alloc pbuf=0x1004fa20 len=1460 desc=24
[sdio_rx_1pkt] alloc pbuf=0x1004fa20 len=1460 desc=24
[sdio_rx_1pkt] alloc pbuf=0x1004fa20 len=1460 desc=24
[sdio_rx_1pkt] alloc pbuf=0x1004fa20 len=1460 desc=24
[sdio_rx_1pkt] alloc pbuf=0x1004fa20 len=1460 desc=24
[sdio_rx_1pkt] alloc pbuf=0x1004fa20 len=1460 desc=24
[sdio_rx_1pkt] alloc pbuf=0x1004fa20 len=1460 desc=24
[sdio_rx_1pkt] alloc pbuf=0x1004fa20 len=1460 desc=24
[sdio_rx_1pkt] alloc pbuf=0x1004fa20 len=1460 desc=24
[sdio_rx_1pkt] alloc pbuf=0x10050b60 len=1460 desc=24
[sdio_rx_1pkt] alloc pbuf=0x1004fa20 len=1460 desc=24
[sdio_rx_1pkt] alloc pbuf=0x1004fa20 len=1460 desc=24
[sdio_rx_1pkt] alloc pbuf=0x1004fa20 len=1460 desc=24
[sdio_rx_done] #1150 pkt=1460 off=24 type=130 ppkt=0x1004fa20
[sdio_rx_1pkt] alloc pbuf=0x1004f9e0 len=1460 desc=24
[sdio_rx_1pkt] alloc pbuf=0x10050b60 len=1460 desc=24
[sdio_rx_1pkt] alloc pbuf=0x1004f9e0 len=1460 desc=24
[sdio_rx_1pkt] alloc pbuf=0x1004f9e0 len=1460 desc=24
[sdio_rx_1pkt] alloc pbuf=0x1004f9e0 len=1460 desc=24
[sdio_rx_1pkt] alloc pbuf=0x1004f9e0 len=1460 desc=24
[sdio_rx_1pkt] alloc pbuf=0x1004f9e0 len=1460 desc=24
[sdio_rx_1pkt] alloc pbuf=0x1004f9e0 len=1460 desc=24
[sdio_rx_1pkt] alloc pbuf=0x1004f9e0 len=1460 desc=24
[sdio_rx_1pkt] alloc pbuf=0x1004f9e0 len=1460 desc=24
[sdio_rx_1pkt] alloc pbuf=0x1004f9e0 len=1460 desc=24
[sdio_rx_1pkt] alloc pbuf=0x1004f9e0 len=1460 desc=24
[sdio_rx_1pkt] alloc pbuf=0x1004f9e0 len=1460 desc=24
[sdio_rx_1pkt] alloc pbuf=0x1004f9e0 len=1460 desc=24
[sdio_rx_1pkt] alloc pbuf=0x1004f9e0 len=1460 desc=24
[sdio_rx_1pkt] alloc pbuf=0x1004f9e0 len=1460 desc=24
[sdio_rx_1pkt] alloc pbuf=0x1004f9e0 len=1460 desc=24
[sdio_rx_1pkt] alloc pbuf=0x1004f9e0 len=1460 desc=24
[sdio_rx_1pkt] alloc pbuf=0x1004f9e0 len=1460 desc=24
[sdio_rx_1pkt] alloc pbuf=0x1004f9e0 len=1460 desc=24
[sdio_rx_1pkt] alloc pbuf=0x1004f9e0 len=1460 desc=24
[sdio_rx_1pkt] alloc pbuf=0x1004f9e0 len=1460 desc=24
[sdio_rx_1pkt] alloc pbuf=0x1004f9e0 len=1460 desc=24
[sdio_rx_1pkt] alloc pbuf=0x1004f9e0 len=1460 desc=24
[sdio_rx_1pkt] alloc pbuf=0x1004f9e0 len=1460 desc=24
[sdio_rx_1pkt] alloc pbuf=0x1004f9e0 len=1460 desc=24
[sdio_rx_1pkt] alloc pbuf=0x1004f9e0 len=1460 desc=24
[sdio_rx_1pkt] alloc pbuf=0x1004f9e0 len=1460 desc=24
[sdio_rx_1pkt] alloc pbuf=0x1004f9e0 len=1460 desc=24
[sdio_rx_1pkt] alloc pbuf=0x1004f9e0 len=1460 desc=24
[sdio_rx_1pkt] alloc pbuf=0x1004f9e0 len=1460 desc=24
[sdio_rx_1pkt] alloc pbuf=0x1004f9e0 len=1460 desc=24
[sdio_rx_1pkt] alloc pbuf=0x1004f9e0 len=1460 desc=24
[sdio_rx_1pkt] alloc pbuf=0x1004f9e0 len=1460 desc=24
[sdio_rx_1pkt] alloc pbuf=0x1004f9e0 len=1460 desc=24
[sdio_rx_1pkt] alloc pbuf=0x1004f9e0 len=1460 desc=24
[sdio_rx_1pkt] alloc pbuf=0x1004f9e0 len=1460 desc=24
[sdio_rx_1pkt] alloc pbuf=0x1004f9e0 len=1460 desc=24
[sdio_rx_1pkt] alloc pbuf=0x1004f9e0 len=1460 desc=24
[sdio_rx_1pkt] alloc pbuf=0x1004f9e0 len=1460 desc=24
[sdio_rx_1pkt] alloc pbuf=0x1004f9e0 len=1460 desc=24
[sdio_rx_1pkt] alloc pbuf=0x1004f9e0 len=1460 desc=24
[sdio_rx_1pkt] alloc pbuf=0x1004f9e0 len=1460 desc=24
[sdio_rx_1pkt] alloc pbuf=0x1004f9e0 len=1460 desc=24
[sdio_rx_1pkt] alloc pbuf=0x1004f9e0 len=1460 desc=24
[sdio_rx_1pkt] alloc pbuf=0x1004f9e0 len=1460 desc=24
[sdio_rx_1pkt] alloc pbuf=0x1004f9e0 len=1460 desc=24
[sdio_rx_1pkt] alloc pbuf=0x1004f9e0 len=1460 desc=24
[sdio_rx_1pkt] alloc pbuf=0x1004f9e0 len=1460 desc=24
[sdio_rx_1pkt] alloc pbuf=0x1004f9e0 len=1460 desc=24
[sdio_rx_done] #1200 pkt=1460 off=24 type=130 ppkt=0x1004f9e0
[sdio_rx_1pkt] alloc pbuf=0x1004f9e0 len=1460 desc=24
[sdio_rx_1pkt] alloc pbuf=0x1004f9e0 len=1460 desc=24
[sdio_rx_1pkt] alloc pbuf=0x1004f9e0 len=820 desc=24
[ATTF] tcp file=test.bin bytes=583360 crc=3f772e1b ms=2926
[sdio_rx_1pkt] alloc pbuf=0x1004fa20 len=35 desc=24
[sdio_rx_1pkt] alloc pbuf=0x1004fa20 len=1460 desc=24
[sdio_rx_1pkt] alloc pbuf=0x1004fa20 len=1460 desc=24
[sdio_rx_1pkt] alloc pbuf=0x1004f9e0 len=1460 desc=24
[sdio_rx_1pkt] alloc pbuf=0x1004f9e0 len=1460 desc=24
[sdio_rx_1pkt] alloc pbuf=0x1004f9e0 len=1460 desc=24
[sdio_rx_1pkt] alloc pbuf=0x1004f9e0 len=1460 desc=24
[sdio_rx_1pkt] alloc pbuf=0x1004f9e0 len=1460 desc=24
[sdio_rx_1pkt] alloc pbuf=0x1004f9e0 len=1460 desc=24
[sdio_rx_1pkt] alloc pbuf=0x1004f9e0 len=1460 desc=24
[sdio_rx_1pkt] alloc pbuf=0x1004f9e0 len=1460 desc=24
[sdio_rx_1pkt] alloc pbuf=0x1004f9e0 len=1460 desc=24
[sdio_rx_1pkt] alloc pbuf=0x1004f9e0 len=1460 desc=24
[sdio_rx_1pkt] alloc pbuf=0x1004f9e0 len=1460 desc=24
[sdio_rx_1pkt] alloc pbuf=0x10051260 len=1460 desc=24
[sdio_rx_1pkt] alloc pbuf=0x100505e0 len=1460 desc=24
[sdio_rx_1pkt] alloc pbuf=0x10050c20 len=1460 desc=24
[sdio_rx_1pkt] alloc pbuf=0x1004f9e0 len=1460 desc=24
[sdio_rx_1pkt] alloc pbuf=0x1004f9e0 len=1460 desc=24
[sdio_rx_1pkt] alloc pbuf=0x1004f9e0 len=1460 desc=24
[sdio_rx_1pkt] alloc pbuf=0x1004f9e0 len=1460 desc=24
[sdio_rx_1pkt] alloc pbuf=0x1004f9e0 len=1460 desc=24
[sdio_rx_1pkt] alloc pbuf=0x1004f9e0 len=1460 desc=24
[sdio_rx_1pkt] alloc pbuf=0x1004f9e0 len=1460 desc=24
[sdio_rx_1pkt] alloc pbuf=0x1004f9e0 len=1460 desc=24
[sdio_rx_1pkt] alloc pbuf=0x1004f9e0 len=1460 desc=24
[sdio_rx_1pkt] alloc pbuf=0x1004f9e0 len=1460 desc=24
[sdio_rx_1pkt] alloc pbuf=0x1004f9e0 len=1460 desc=24
[sdio_rx_1pkt] alloc pbuf=0x1004f9e0 len=1460 desc=24
[sdio_rx_1pkt] alloc pbuf=0x1004f9e0 len=1460 desc=24
[sdio_rx_1pkt] alloc pbuf=0x1004f9e0 len=1460 desc=24
[sdio_rx_1pkt] alloc pbuf=0x1004f9e0 len=1460 desc=24
[sdio_rx_1pkt] alloc pbuf=0x1004f9e0 len=1460 desc=24
[sdio_rx_1pkt] alloc pbuf=0x1004f9e0 len=1460 desc=24
[sdio_rx_1pkt] alloc pbuf=0x1004f9e0 len=1460 desc=24
[sdio_rx_1pkt] alloc pbuf=0x1004f9e0 len=1460 desc=24
[sdio_rx_1pkt] alloc pbuf=0x1004f9e0 len=1460 desc=24
[sdio_rx_1pkt] alloc pbuf=0x1004f9e0 len=1460 desc=24
[sdio_rx_1pkt] alloc pbuf=0x1004f9e0 len=1460 desc=24
[sdio_rx_1pkt] alloc pbuf=0x1004f9e0 len=1460 desc=24
[sdio_rx_1pkt] alloc pbuf=0x1004f9e0 len=1460 desc=24
[sdio_rx_1pkt] alloc pbuf=0x1004f9e0 len=1460 desc=24
[sdio_rx_1pkt] alloc pbuf=0x1004f9e0 len=1460 desc=24
[sdio_rx_1pkt] alloc pbuf=0x1004f9e0 len=1460 desc=24
[sdio_rx_1pkt] alloc pbuf=0x1004f9e0 len=1460 desc=24
[sdio_rx_1pkt] alloc pbuf=0x1004f9e0 len=1460 desc=24
[sdio_rx_1pkt] alloc pbuf=0x1004f9e0 len=1460 desc=24
[sdio_rx_done] #1250 pkt=1460 off=24 type=130 ppkt=0x1004f9e0
[sdio_rx_1pkt] alloc pbuf=0x1004f9e0 len=1460 desc=24
[sdio_rx_1pkt] alloc pbuf=0x1004f9e0 len=1460 desc=24
[sdio_rx_1pkt] alloc pbuf=0x1004f9e0 len=1460 desc=24
[sdio_rx_1pkt] alloc pbuf=0x1004f9e0 len=1460 desc=24
[sdio_rx_1pkt] alloc pbuf=0x1004f9e0 len=1460 desc=24
[sdio_rx_1pkt] alloc pbuf=0x1004f9e0 len=1460 desc=24
[sdio_rx_1pkt] alloc pbuf=0x1004f9e0 len=1460 desc=24
[sdio_rx_1pkt] alloc pbuf=0x1004f9e0 len=1460 desc=24
[sdio_rx_1pkt] alloc pbuf=0x1004f9e0 len=1460 desc=24
[sdio_rx_1pkt] alloc pbuf=0x1004f9e0 len=1460 desc=24
[sdio_rx_1pkt] alloc pbuf=0x1004f9e0 len=1460 desc=24
[sdio_rx_1pkt] alloc pbuf=0x1004f9e0 len=1460 desc=24
[sdio_rx_1pkt] alloc pbuf=0x1004f9e0 len=1460 desc=24
[sdio_rx_1pkt] alloc pbuf=0x1004f9e0 len=1460 desc=24
[sdio_rx_1pkt] alloc pbuf=0x1004f9e0 len=1460 desc=24
[sdio_rx_1pkt] alloc pbuf=0x1004f9e0 len=1460 desc=24
[sdio_rx_1pkt] alloc pbuf=0x1004f9e0 len=1460 desc=24
[sdio_rx_1pkt] alloc pbuf=0x1004f9e0 len=1460 desc=24
[sdio_rx_1pkt] alloc pbuf=0x1004f9e0 len=1460 desc=24
[sdio_rx_1pkt] alloc pbuf=0x1004f9e0 len=1460 desc=24
[sdio_rx_1pkt] alloc pbuf=0x1004f9e0 len=1460 desc=24
[sdio_rx_1pkt] alloc pbuf=0x1004f9e0 len=1460 desc=24
[sdio_rx_1pkt] alloc pbuf=0x1004f9e0 len=1460 desc=24
[sdio_rx_1pkt] alloc pbuf=0x1004f9e0 len=1460 desc=24
[sdio_rx_1pkt] alloc pbuf=0x1004f9e0 len=1460 desc=24
[sdio_rx_1pkt] alloc pbuf=0x1004f9e0 len=1460 desc=24
[sdio_rx_1pkt] alloc pbuf=0x1004f9e0 len=1460 desc=24
[sdio_rx_1pkt] alloc pbuf=0x1004f9e0 len=1460 desc=24
[sdio_rx_1pkt] alloc pbuf=0x1004f9e0 len=1460 desc=24
[sdio_rx_1pkt] alloc pbuf=0x1004f9e0 len=1460 desc=24
[sdio_rx_1pkt] alloc pbuf=0x1004f9e0 len=1460 desc=24
[sdio_rx_1pkt] alloc pbuf=0x1004f9e0 len=1460 desc=24
[sdio_rx_1pkt] alloc pbuf=0x1004f9e0 len=1460 desc=24
[sdio_rx_1pkt] alloc pbuf=0x1004f9e0 len=1460 desc=24
[sdio_rx_1pkt] alloc pbuf=0x1004f9e0 len=1460 desc=24
[sdio_rx_1pkt] alloc pbuf=0x1004f9e0 len=1460 desc=24
[sdio_rx_1pkt] alloc pbuf=0x1004f9e0 len=1460 desc=24
[sdio_rx_1pkt] alloc pbuf=0x1004f9e0 len=1460 desc=24
[sdio_rx_1pkt] alloc pbuf=0x1004f9e0 len=1460 desc=24
[sdio_rx_1pkt] alloc pbuf=0x1004f9e0 len=1460 desc=24
[sdio_rx_1pkt] alloc pbuf=0x1004f9e0 len=1460 desc=24
[sdio_rx_1pkt] alloc pbuf=0x1004f9e0 len=1460 desc=24
[sdio_rx_1pkt] alloc pbuf=0x1004f9e0 len=1460 desc=24
[sdio_rx_1pkt] alloc pbuf=0x1004f9e0 len=1460 desc=24
[sdio_rx_1pkt] alloc pbuf=0x1004f9e0 len=1460 desc=24
[sdio_rx_1pkt] alloc pbuf=0x1004f9e0 len=1460 desc=24
[sdio_rx_1pkt] alloc pbuf=0x1004f9e0 len=1460 desc=24
[sdio_rx_1pkt] alloc pbuf=0x1004f9e0 len=1460 desc=24
[sdio_rx_1pkt] alloc pbuf=0x1004f9e0 len=1460 desc=24
[sdio_rx_1pkt] alloc pbuf=0x1004f9e0 len=1460 desc=24
[sdio_rx_done] #1300 pkt=1460 off=24 type=130 ppkt=0x1004f9e0
[sdio_rx_1pkt] alloc pbuf=0x1004f9e0 len=1460 desc=24
[sdio_rx_1pkt] alloc pbuf=0x1004f9e0 len=1460 desc=24
[sdio_rx_1pkt] alloc pbuf=0x1004f9e0 len=1460 desc=24
[sdio_rx_1pkt] alloc pbuf=0x1004f9e0 len=1460 desc=24
[sdio_rx_1pkt] alloc pbuf=0x1004f9e0 len=1460 desc=24
[sdio_rx_1pkt] alloc pbuf=0x1004f9e0 len=1460 desc=24
[sdio_rx_1pkt] alloc pbuf=0x1004f9e0 len=1460 desc=24
[sdio_rx_1pkt] alloc pbuf=0x1004f9e0 len=1460 desc=24
[sdio_rx_1pkt] alloc pbuf=0x1004f9e0 len=1460 desc=24
[sdio_rx_1pkt] alloc pbuf=0x1004f9e0 len=1460 desc=24
[sdio_rx_1pkt] alloc pbuf=0x1004f9e0 len=1460 desc=24
[sdio_rx_1pkt] alloc pbuf=0x1004f9e0 len=1460 desc=24
[sdio_rx_1pkt] alloc pbuf=0x1004f9e0 len=1460 desc=24
[sdio_rx_1pkt] alloc pbuf=0x1004f9e0 len=1460 desc=24
[sdio_rx_1pkt] alloc pbuf=0x1004f9e0 len=1460 desc=24
[sdio_rx_1pkt] alloc pbuf=0x1004f9e0 len=1460 desc=24
[sdio_rx_1pkt] alloc pbuf=0x1004f9e0 len=1460 desc=24
[sdio_rx_1pkt] alloc pbuf=0x1004f9e0 len=1460 desc=24
[sdio_rx_1pkt] alloc pbuf=0x1004f9e0 len=1460 desc=24
[sdio_rx_1pkt] alloc pbuf=0x1004f9e0 len=1460 desc=24
[sdio_rx_1pkt] alloc pbuf=0x1004f9e0 len=1460 desc=24
[sdio_rx_1pkt] alloc pbuf=0x1004f9e0 len=1460 desc=24
[sdio_rx_1pkt] alloc pbuf=0x1004f9e0 len=1460 desc=24
[sdio_rx_1pkt] alloc pbuf=0x1004f9e0 len=1460 desc=24
[sdio_rx_1pkt] alloc pbuf=0x1004f9e0 len=1460 desc=24
[sdio_rx_1pkt] alloc pbuf=0x1004f9e0 len=1460 desc=24
[sdio_rx_1pkt] alloc pbuf=0x1004f9e0 len=1460 desc=24
[sdio_rx_1pkt] alloc pbuf=0x1004f9e0 len=1460 desc=24
[sdio_rx_1pkt] alloc pbuf=0x1004f9e0 len=1460 desc=24
[sdio_rx_1pkt] alloc pbuf=0x1004f9e0 len=1460 desc=24
[sdio_rx_1pkt] alloc pbuf=0x1004f9e0 len=1460 desc=24
[sdio_rx_1pkt] alloc pbuf=0x1004f9e0 len=1460 desc=24
[sdio_rx_1pkt] alloc pbuf=0x1004f9e0 len=1460 desc=24
[sdio_rx_1pkt] alloc pbuf=0x1004f9e0 len=1460 desc=24
[sdio_rx_1pkt] alloc pbuf=0x1004f9e0 len=1460 desc=24
[sdio_rx_1pkt] alloc pbuf=0x1004f9e0 len=1460 desc=24
[sdio_rx_1pkt] alloc pbuf=0x1004f9e0 len=1460 desc=24
[sdio_rx_1pkt] alloc pbuf=0x1004f9e0 len=1460 desc=24
[sdio_rx_1pkt] alloc pbuf=0x1004f9e0 len=1460 desc=24
[sdio_rx_1pkt] alloc pbuf=0x1004f9e0 len=1460 desc=24
[sdio_rx_1pkt] alloc pbuf=0x1004f9e0 len=1460 desc=24
[sdio_rx_1pkt] alloc pbuf=0x1004f9e0 len=1460 desc=24
[sdio_rx_1pkt] alloc pbuf=0x1004f9e0 len=1460 desc=24
[sdio_rx_1pkt] alloc pbuf=0x1004f9e0 len=1460 desc=24
[sdio_rx_1pkt] alloc pbuf=0x1004f9e0 len=1460 desc=24
[sdio_rx_1pkt] alloc pbuf=0x1004f9e0 len=1460 desc=24
[sdio_rx_1pkt] alloc pbuf=0x1004f9e0 len=1460 desc=24
[sdio_rx_1pkt] alloc pbuf=0x1004f9e0 len=1460 desc=24
[sdio_rx_1pkt] alloc pbuf=0x1004f9e0 len=1460 desc=24
[sdio_rx_1pkt] alloc pbuf=0x1004f9e0 len=1460 desc=24
[sdio_rx_done] #1350 pkt=1460 off=24 type=130 ppkt=0x1004f9e0
[sdio_rx_1pkt] alloc pbuf=0x1004f9e0 len=1460 desc=24
[sdio_rx_1pkt] alloc pbuf=0x1004f9e0 len=1460 desc=24
[sdio_rx_1pkt] alloc pbuf=0x1004f9e0 len=1460 desc=24
[sdio_rx_1pkt] alloc pbuf=0x1004f9e0 len=1460 desc=24
[sdio_rx_1pkt] alloc pbuf=0x1004f9e0 len=1460 desc=24
[sdio_rx_1pkt] alloc pbuf=0x1004f9e0 len=1460 desc=24
[sdio_rx_1pkt] alloc pbuf=0x1004f9e0 len=1460 desc=24
[sdio_rx_1pkt] alloc pbuf=0x1004f9e0 len=1460 desc=24
[sdio_rx_1pkt] alloc pbuf=0x1004f9e0 len=1460 desc=24
[sdio_rx_1pkt] alloc pbuf=0x1004f9e0 len=1460 desc=24
[sdio_rx_1pkt] alloc pbuf=0x1004f9e0 len=1460 desc=24
[sdio_rx_1pkt] alloc pbuf=0x1004f9e0 len=1460 desc=24
[sdio_rx_1pkt] alloc pbuf=0x1004f9e0 len=1460 desc=24
[sdio_rx_1pkt] alloc pbuf=0x1004f9e0 len=1460 desc=24
[sdio_rx_1pkt] alloc pbuf=0x1004f9e0 len=1460 desc=24
[sdio_rx_1pkt] alloc pbuf=0x1004f9e0 len=1460 desc=24
[sdio_rx_1pkt] alloc pbuf=0x1004f9e0 len=1460 desc=24
[sdio_rx_1pkt] alloc pbuf=0x1004f9e0 len=1460 desc=24
[sdio_rx_1pkt] alloc pbuf=0x1004f9e0 len=1460 desc=24
[sdio_rx_1pkt] alloc pbuf=0x1004f9e0 len=1460 desc=24
[sdio_rx_1pkt] alloc pbuf=0x1004f9e0 len=1460 desc=24
[sdio_rx_1pkt] alloc pbuf=0x1004f9e0 len=1460 desc=24
[sdio_rx_1pkt] alloc pbuf=0x1004f9e0 len=1460 desc=24
[sdio_rx_1pkt] alloc pbuf=0x1004f9e0 len=1460 desc=24
[sdio_rx_1pkt] alloc pbuf=0x1004f9e0 len=1460 desc=24
[sdio_rx_1pkt] alloc pbuf=0x1004f9e0 len=1460 desc=24
[sdio_rx_1pkt] alloc pbuf=0x1004f9e0 len=1460 desc=24
[sdio_rx_1pkt] alloc pbuf=0x1004f9e0 len=1460 desc=24
[sdio_rx_1pkt] alloc pbuf=0x1004f9e0 len=1460 desc=24
[sdio_rx_1pkt] alloc pbuf=0x1004f9e0 len=1460 desc=24
[sdio_rx_1pkt] alloc pbuf=0x1004f9e0 len=1460 desc=24
[sdio_rx_1pkt] alloc pbuf=0x1004f9e0 len=1460 desc=24
[sdio_rx_1pkt] alloc pbuf=0x1004f9e0 len=1460 desc=24
[sdio_rx_1pkt] alloc pbuf=0x1004f9e0 len=1460 desc=24
[sdio_rx_1pkt] alloc pbuf=0x1004f9e0 len=1460 desc=24
[sdio_rx_1pkt] alloc pbuf=0x1004f9e0 len=1460 desc=24
[sdio_rx_1pkt] alloc pbuf=0x1004f9e0 len=1460 desc=24
[sdio_rx_1pkt] alloc pbuf=0x1004f9e0 len=1460 desc=24
[sdio_rx_1pkt] alloc pbuf=0x1004f9e0 len=1460 desc=24
[sdio_rx_1pkt] alloc pbuf=0x1004f9e0 len=1460 desc=24
[sdio_rx_1pkt] alloc pbuf=0x1004f9e0 len=1460 desc=24
[sdio_rx_1pkt] alloc pbuf=0x1004f9e0 len=1460 desc=24
[sdio_rx_1pkt] alloc pbuf=0x1004f9e0 len=1460 desc=24
[sdio_rx_1pkt] alloc pbuf=0x1004f9e0 len=1460 desc=24
[sdio_rx_1pkt] alloc pbuf=0x1004f9e0 len=1460 desc=24
[sdio_rx_1pkt] alloc pbuf=0x1004f9e0 len=1460 desc=24
[sdio_rx_1pkt] alloc pbuf=0x1004f9e0 len=1460 desc=24
[sdio_rx_1pkt] alloc pbuf=0x1004f9e0 len=1460 desc=24
[sdio_rx_1pkt] alloc pbuf=0x1004f9e0 len=1460 desc=24
[sdio_rx_1pkt] alloc pbuf=0x1004f9e0 len=1460 desc=24
[sdio_rx_done] #1400 pkt=1460 off=24 type=130 ppkt=0x1004f9e0
[sdio_rx_1pkt] alloc pbuf=0x1004f9e0 len=1460 desc=24
[sdio_rx_1pkt] alloc pbuf=0x1004f9e0 len=1460 desc=24
[sdio_rx_1pkt] alloc pbuf=0x1004f9e0 len=1460 desc=24
[sdio_rx_1pkt] alloc pbuf=0x1004f9e0 len=1460 desc=24
[sdio_rx_1pkt] alloc pbuf=0x1004f9e0 len=1460 desc=24
[sdio_rx_1pkt] alloc pbuf=0x1004f9e0 len=1460 desc=24
[sdio_rx_1pkt] alloc pbuf=0x1004f9e0 len=1460 desc=24
[sdio_rx_1pkt] alloc pbuf=0x1004fa20 len=1460 desc=24
[sdio_rx_1pkt] alloc pbuf=0x1004fa20 len=1460 desc=24
[sdio_rx_1pkt] alloc pbuf=0x1004fa20 len=1460 desc=24
[sdio_rx_1pkt] alloc pbuf=0x100505e0 len=1460 desc=24
[sdio_rx_1pkt] alloc pbuf=0x100505e0 len=1460 desc=24
[sdio_rx_1pkt] alloc pbuf=0x100505e0 len=1460 desc=24
[sdio_rx_1pkt] alloc pbuf=0x1004fa20 len=1460 desc=24
[sdio_rx_1pkt] alloc pbuf=0x1004fa20 len=1460 desc=24
[sdio_rx_1pkt] alloc pbuf=0x1004fa20 len=1460 desc=24
[sdio_rx_1pkt] alloc pbuf=0x1004fa20 len=1460 desc=24
[sdio_rx_1pkt] alloc pbuf=0x1004fa20 len=1460 desc=24
[sdio_rx_1pkt] alloc pbuf=0x100505e0 len=1460 desc=24
[sdio_rx_1pkt] alloc pbuf=0x100505e0 len=1460 desc=24
[sdio_rx_1pkt] alloc pbuf=0x1004fa20 len=1460 desc=24
[sdio_rx_1pkt] alloc pbuf=0x1004fa20 len=1460 desc=24
[sdio_rx_1pkt] alloc pbuf=0x1004fa20 len=1460 desc=24
[sdio_rx_1pkt] alloc pbuf=0x1004fa20 len=1460 desc=24
[sdio_rx_1pkt] alloc pbuf=0x1004fa20 len=1460 desc=24
[sdio_rx_1pkt] alloc pbuf=0x1004fa20 len=1460 desc=24
[sdio_rx_1pkt] alloc pbuf=0x1004fa20 len=1460 desc=24
[sdio_rx_1pkt] alloc pbuf=0x1004fa20 len=1460 desc=24
[sdio_rx_1pkt] alloc pbuf=0x1004fa20 len=1460 desc=24
[sdio_rx_1pkt] alloc pbuf=0x1004fa20 len=1460 desc=24
[sdio_rx_1pkt] alloc pbuf=0x1004fa20 len=1460 desc=24
[sdio_rx_1pkt] alloc pbuf=0x1004fa20 len=1460 desc=24
[sdio_rx_1pkt] alloc pbuf=0x1004fa20 len=1460 desc=24
[sdio_rx_1pkt] alloc pbuf=0x1004fa20 len=1460 desc=24
[sdio_rx_1pkt] alloc pbuf=0x1004fa20 len=1460 desc=24
[sdio_rx_1pkt] alloc pbuf=0x1004fa20 len=1460 desc=24
[sdio_rx_1pkt] alloc pbuf=0x1004fa20 len=1460 desc=24
[sdio_rx_1pkt] alloc pbuf=0x1004fa20 len=1460 desc=24
[sdio_rx_1pkt] alloc pbuf=0x1004fa20 len=1460 desc=24
[sdio_rx_1pkt] alloc pbuf=0x1004fa20 len=1460 desc=24
[sdio_rx_1pkt] alloc pbuf=0x1004fa20 len=1460 desc=24
[sdio_rx_1pkt] alloc pbuf=0x1004fa20 len=1460 desc=24
[sdio_rx_1pkt] alloc pbuf=0x1004fa20 len=1460 desc=24
[sdio_rx_1pkt] alloc pbuf=0x1004fa20 len=1460 desc=24
[sdio_rx_1pkt] alloc pbuf=0x1004fa20 len=1460 desc=24
[sdio_rx_1pkt] alloc pbuf=0x1004fa20 len=1460 desc=24
[sdio_rx_1pkt] alloc pbuf=0x1004fa20 len=1460 desc=24
[sdio_rx_1pkt] alloc pbuf=0x1004fa20 len=1460 desc=24
[sdio_rx_1pkt] alloc pbuf=0x1004fa20 len=1460 desc=24
[sdio_rx_1pkt] alloc pbuf=0x1004fa20 len=1460 desc=24
[sdio_rx_done] #1450 pkt=1460 off=24 type=130 ppkt=0x1004fa20
[sdio_rx_1pkt] alloc pbuf=0x1004fa20 len=1460 desc=24
[sdio_rx_1pkt] alloc pbuf=0x1004fa20 len=1460 desc=24
[sdio_rx_1pkt] alloc pbuf=0x1004fa20 len=1460 desc=24
[sdio_rx_1pkt] alloc pbuf=0x1004fa20 len=1460 desc=24
[sdio_rx_1pkt] alloc pbuf=0x1004fa20 len=1460 desc=24
[sdio_rx_1pkt] alloc pbuf=0x1004fa20 len=1460 desc=24
[sdio_rx_1pkt] alloc pbuf=0x1004fa20 len=1460 desc=24
[sdio_rx_1pkt] alloc pbuf=0x10050c20 len=1460 desc=24
[sdio_rx_1pkt] alloc pbuf=0x1004fa20 len=1460 desc=24
[sdio_rx_1pkt] alloc pbuf=0x1004fa20 len=1460 desc=24
[sdio_rx_1pkt] alloc pbuf=0x1004fa20 len=1460 desc=24
[sdio_rx_1pkt] alloc pbuf=0x1004fa20 len=1460 desc=24
[sdio_rx_1pkt] alloc pbuf=0x1004fa20 len=1460 desc=24
[sdio_rx_1pkt] alloc pbuf=0x1004fa20 len=1460 desc=24
[sdio_rx_1pkt] alloc pbuf=0x1004fa20 len=1460 desc=24
[sdio_rx_1pkt] alloc pbuf=0x1004fa20 len=1460 desc=24
[sdio_rx_1pkt] alloc pbuf=0x1004fa20 len=1460 desc=24
[sdio_rx_1pkt] alloc pbuf=0x1004fa20 len=1460 desc=24
[sdio_rx_1pkt] alloc pbuf=0x1004fa20 len=1460 desc=24
[sdio_rx_1pkt] alloc pbuf=0x1004fa20 len=1460 desc=24
[sdio_rx_1pkt] alloc pbuf=0x1004fa20 len=1460 desc=24
[sdio_rx_1pkt] alloc pbuf=0x1004fa20 len=1460 desc=24
[sdio_rx_1pkt] alloc pbuf=0x1004fa20 len=1460 desc=24
[sdio_rx_1pkt] alloc pbuf=0x1004fa20 len=1460 desc=24
[sdio_rx_1pkt] alloc pbuf=0x1004fa20 len=1460 desc=24
[sdio_rx_1pkt] alloc pbuf=0x1004fa20 len=1460 desc=24
[sdio_rx_1pkt] alloc pbuf=0x100505e0 len=1460 desc=24
[sdio_rx_1pkt] alloc pbuf=0x1004fa20 len=1460 desc=24
[sdio_rx_1pkt] alloc pbuf=0x1004fa20 len=1460 desc=24
[sdio_rx_1pkt] alloc pbuf=0x1004fa20 len=1460 desc=24
[sdio_rx_1pkt] alloc pbuf=0x1004fa20 len=1460 desc=24
[sdio_rx_1pkt] alloc pbuf=0x1004fa20 len=1460 desc=24
[sdio_rx_1pkt] alloc pbuf=0x1004fa20 len=1460 desc=24
[sdio_rx_1pkt] alloc pbuf=0x1004fa20 len=1460 desc=24
[sdio_rx_1pkt] alloc pbuf=0x1004fa20 len=1460 desc=24
[sdio_rx_1pkt] alloc pbuf=0x1004fa20 len=1460 desc=24
[sdio_rx_1pkt] alloc pbuf=0x1004fa20 len=1460 desc=24
[sdio_rx_1pkt] alloc pbuf=0x1004fa20 len=1460 desc=24
[sdio_rx_1pkt] alloc pbuf=0x1004fa20 len=1460 desc=24
[sdio_rx_1pkt] alloc pbuf=0x1004fa20 len=1460 desc=24
[sdio_rx_1pkt] alloc pbuf=0x1004fa20 len=1460 desc=24
[sdio_rx_1pkt] alloc pbuf=0x1004fa20 len=1460 desc=24
[sdio_rx_1pkt] alloc pbuf=0x1004fa20 len=1460 desc=24
[sdio_rx_1pkt] alloc pbuf=0x1004fa20 len=1460 desc=24
[sdio_rx_1pkt] alloc pbuf=0x1004fa20 len=1460 desc=24
[sdio_rx_1pkt] alloc pbuf=0x1004fa20 len=1460 desc=24
[sdio_rx_1pkt] alloc pbuf=0x1004fa20 len=1460 desc=24
[sdio_rx_1pkt] alloc pbuf=0x1004fa20 len=1460 desc=24
[sdio_rx_1pkt] alloc pbuf=0x1004fa20 len=1460 desc=24
[sdio_rx_1pkt] alloc pbuf=0x1004fa20 len=1460 desc=24
[sdio_rx_done] #1500 pkt=1460 off=24 type=130 ppkt=0x1004fa20
[sdio_rx_1pkt] alloc pbuf=0x1004fa20 len=1460 desc=24
[sdio_rx_1pkt] alloc pbuf=0x1004fa20 len=1460 desc=24
[sdio_rx_1pkt] alloc pbuf=0x1004fa20 len=1460 desc=24
[sdio_rx_1pkt] alloc pbuf=0x1004fa20 len=1460 desc=24
[sdio_rx_1pkt] alloc pbuf=0x1004fa20 len=1460 desc=24
[sdio_rx_1pkt] alloc pbuf=0x1004fa20 len=1460 desc=24
[sdio_rx_1pkt] alloc pbuf=0x1004fa20 len=1460 desc=24
[sdio_rx_1pkt] alloc pbuf=0x1004fa20 len=1460 desc=24
[sdio_rx_1pkt] alloc pbuf=0x1004fa20 len=1460 desc=24
[sdio_rx_1pkt] alloc pbuf=0x1004fa20 len=1460 desc=24
[sdio_rx_1pkt] alloc pbuf=0x1004fa20 len=1460 desc=24
[sdio_rx_1pkt] alloc pbuf=0x1004fa20 len=1460 desc=24
[sdio_rx_1pkt] alloc pbuf=0x10050c20 len=1460 desc=24
[sdio_rx_1pkt] alloc pbuf=0x10050c20 len=1460 desc=24
[sdio_rx_1pkt] alloc pbuf=0x100505e0 len=1460 desc=24
[sdio_rx_1pkt] alloc pbuf=0x1004fa20 len=1460 desc=24
[sdio_rx_1pkt] alloc pbuf=0x1004fa20 len=1460 desc=24
[sdio_rx_1pkt] alloc pbuf=0x1004fa20 len=1460 desc=24
[sdio_rx_1pkt] alloc pbuf=0x1004fa20 len=1460 desc=24
[sdio_rx_1pkt] alloc pbuf=0x1004fa20 len=1460 desc=24
[sdio_rx_1pkt] alloc pbuf=0x1004fa20 len=1460 desc=24
[sdio_rx_1pkt] alloc pbuf=0x1004fa20 len=1460 desc=24
[sdio_rx_1pkt] alloc pbuf=0x1004fa20 len=1460 desc=24
[sdio_rx_1pkt] alloc pbuf=0x1004fa20 len=1460 desc=24
[sdio_rx_1pkt] alloc pbuf=0x1004fa20 len=1460 desc=24
[sdio_rx_1pkt] alloc pbuf=0x1004fa20 len=1460 desc=24
[sdio_rx_1pkt] alloc pbuf=0x1004fa20 len=1460 desc=24
[sdio_rx_1pkt] alloc pbuf=0x1004fa20 len=1460 desc=24
[sdio_rx_1pkt] alloc pbuf=0x1004fa20 len=1460 desc=24
[sdio_rx_1pkt] alloc pbuf=0x1004fa20 len=1460 desc=24
[sdio_rx_1pkt] alloc pbuf=0x1004fa20 len=1460 desc=24
[sdio_rx_1pkt] alloc pbuf=0x1004fa20 len=1460 desc=24
[sdio_rx_1pkt] alloc pbuf=0x1004fa20 len=1460 desc=24
[sdio_rx_1pkt] alloc pbuf=0x1004fa20 len=1460 desc=24
[sdio_rx_1pkt] alloc pbuf=0x1004fa20 len=1460 desc=24
[sdio_rx_1pkt] alloc pbuf=0x1004fa20 len=1460 desc=24
[sdio_rx_1pkt] alloc pbuf=0x1004fa20 len=1460 desc=24
[sdio_rx_1pkt] alloc pbuf=0x1004fa20 len=1460 desc=24
[sdio_rx_1pkt] alloc pbuf=0x100505e0 len=1460 desc=24
[sdio_rx_1pkt] alloc pbuf=0x100505e0 len=1460 desc=24
[sdio_rx_1pkt] alloc pbuf=0x100505e0 len=1460 desc=24
[sdio_rx_1pkt] alloc pbuf=0x1004fa20 len=1460 desc=24
[sdio_rx_1pkt] alloc pbuf=0x10051260 len=1460 desc=24
[sdio_rx_1pkt] alloc pbuf=0x100505e0 len=1460 desc=24
[sdio_rx_1pkt] alloc pbuf=0x100505e0 len=1460 desc=24
[sdio_rx_1pkt] alloc pbuf=0x1004fa20 len=1460 desc=24
[sdio_rx_1pkt] alloc pbuf=0x1004fa20 len=1460 desc=24
[sdio_rx_1pkt] alloc pbuf=0x1004fa20 len=1460 desc=24
[sdio_rx_1pkt] alloc pbuf=0x1004fa20 len=1460 desc=24
[sdio_rx_1pkt] alloc pbuf=0x1004fa20 len=1460 desc=24
[sdio_rx_done] #1550 pkt=1460 off=24 type=130 ppkt=0x1004fa20
[sdio_rx_1pkt] alloc pbuf=0x100505e0 len=1460 desc=24
[sdio_rx_1pkt] alloc pbuf=0x100505e0 len=1460 desc=24
[sdio_rx_1pkt] alloc pbuf=0x100505e0 len=1460 desc=24
[sdio_rx_1pkt] alloc pbuf=0x1004fa20 len=1460 desc=24
[sdio_rx_1pkt] alloc pbuf=0x1004fa20 len=1460 desc=24
[sdio_rx_1pkt] alloc pbuf=0x10050c20 len=1460 desc=24
[sdio_rx_1pkt] alloc pbuf=0x1004fa20 len=1460 desc=24
[sdio_rx_1pkt] alloc pbuf=0x100505e0 len=1460 desc=24
[sdio_rx_1pkt] alloc pbuf=0x1004fa20 len=1460 desc=24
[sdio_rx_1pkt] alloc pbuf=0x1004fa20 len=1460 desc=24
[sdio_rx_1pkt] alloc pbuf=0x1004fa20 len=1460 desc=24
[sdio_rx_1pkt] alloc pbuf=0x1004fa20 len=1460 desc=24
[sdio_rx_1pkt] alloc pbuf=0x1004fa20 len=1460 desc=24
[sdio_rx_1pkt] alloc pbuf=0x1004fa20 len=1460 desc=24
[sdio_rx_1pkt] alloc pbuf=0x1004fa20 len=1460 desc=24
[sdio_rx_1pkt] alloc pbuf=0x1004fa20 len=1460 desc=24
[sdio_rx_1pkt] alloc pbuf=0x1004fa20 len=1460 desc=24
[sdio_rx_1pkt] alloc pbuf=0x1004fa20 len=1460 desc=24
[sdio_rx_1pkt] alloc pbuf=0x100505e0 len=1460 desc=24
[sdio_rx_1pkt] alloc pbuf=0x1004f9e0 len=1460 desc=24
[sdio_rx_1pkt] alloc pbuf=0x1004f9e0 len=1460 desc=24
[sdio_rx_1pkt] alloc pbuf=0x1004f9e0 len=1460 desc=24
[sdio_rx_1pkt] alloc pbuf=0x1004f9e0 len=1460 desc=24
[sdio_rx_1pkt] alloc pbuf=0x1004f9e0 len=1460 desc=24
[sdio_rx_1pkt] alloc pbuf=0x10050c20 len=1460 desc=24
[sdio_rx_1pkt] alloc pbuf=0x10050c20 len=1460 desc=24
[sdio_rx_1pkt] alloc pbuf=0x10050c20 len=1460 desc=24
[sdio_rx_1pkt] alloc pbuf=0x1004f9e0 len=1460 desc=24
[sdio_rx_1pkt] alloc pbuf=0x1004f9e0 len=1460 desc=24
[sdio_rx_1pkt] alloc pbuf=0x10050c20 len=1460 desc=24
[sdio_rx_1pkt] alloc pbuf=0x10050c20 len=1460 desc=24
[sdio_rx_1pkt] alloc pbuf=0x1004f9e0 len=1460 desc=24
[sdio_rx_1pkt] alloc pbuf=0x1004f9e0 len=1460 desc=24
[sdio_rx_1pkt] alloc pbuf=0x1004f9e0 len=1460 desc=24
[sdio_rx_1pkt] alloc pbuf=0x100505e0 len=1460 desc=24
[sdio_rx_1pkt] alloc pbuf=0x1004f9e0 len=1460 desc=24
[sdio_rx_1pkt] alloc pbuf=0x1004f9e0 len=1460 desc=24
[sdio_rx_1pkt] alloc pbuf=0x1004f9e0 len=1460 desc=24
[sdio_rx_1pkt] alloc pbuf=0x1004f9e0 len=1460 desc=24
[sdio_rx_1pkt] alloc pbuf=0x1004f9e0 len=1460 desc=24
[sdio_rx_1pkt] alloc pbuf=0x1004f9e0 len=1460 desc=24
[sdio_rx_1pkt] alloc pbuf=0x1004f9e0 len=1460 desc=24
[sdio_rx_1pkt] alloc pbuf=0x1004f9e0 len=1460 desc=24
[sdio_rx_1pkt] alloc pbuf=0x1004f9e0 len=1460 desc=24
[sdio_rx_1pkt] alloc pbuf=0x1004f9e0 len=1460 desc=24
[sdio_rx_1pkt] alloc pbuf=0x1004f9e0 len=1460 desc=24
[sdio_rx_1pkt] alloc pbuf=0x10050c20 len=1460 desc=24
[sdio_rx_1pkt] alloc pbuf=0x10050c20 len=1460 desc=24
[sdio_rx_1pkt] alloc pbuf=0x100505e0 len=1460 desc=24
[sdio_rx_1pkt] alloc pbuf=0x1004f9e0 len=1460 desc=24
[sdio_rx_done] #1600 pkt=1460 off=24 type=130 ppkt=0x1004f9e0
[sdio_rx_1pkt] alloc pbuf=0x1004f9e0 len=1460 desc=24
[sdio_rx_1pkt] alloc pbuf=0x1004f9e0 len=1460 desc=24
[sdio_rx_1pkt] alloc pbuf=0x1004f9e0 len=1460 desc=24
[sdio_rx_1pkt] alloc pbuf=0x1004f9e0 len=820 desc=24
[ATTF] tcp file=test.bin bytes=583360 crc=3f772e1b ms=2522
---- Closed the serial port COM12 ----